[RUN]  seqc2_wes_ll_hybrid
       conf: /t9k/mnt/hdd/work/Vax/pipeline/rnadnavar/examples/seqc2/seqc2.hybrid.shared.config
       csv : /t9k/mnt/hdd/work/Vax/pipeline/rnadnavar/examples/seqc2/hybrid/csv/seqc2_wes_ll_hybrid.csv
       out : /t9k/mnt/hdd/work/Vax/pipeline/rnadnavar/examples/seqc2/hybrid/output/seqc2.wes.ll.hybrid
       cmd : micromamba run -n nextflow nextflow run /t9k/mnt/hdd/work/Vax/pipeline/rnadnavar/main.nf -c /t9k/mnt/hdd/work/Vax/pipeline/rnadnavar/examples/seqc2/seqc2.hybrid.shared.config --input /t9k/mnt/hdd/work/Vax/pipeline/rnadnavar/examples/seqc2/hybrid/csv/seqc2_wes_ll_hybrid.csv --outdir /t9k/mnt/hdd/work/Vax/pipeline/rnadnavar/examples/seqc2/hybrid/output/seqc2.wes.ll.hybrid -offline -resume -with-conda
[33mNextflow 26.04.6 is available - Please consider updating your version to it(B[m
N E X T F L O W  ~  version 25.10.0
Launching `/t9k/mnt/hdd/work/Vax/pipeline/rnadnavar/main.nf` [kickass_bose] DSL2 - revision: 178048b6a6

------------------------------------------------------
                                        ,--./,-.
        ___     __   __   __   ___     /,-._.--~'
  |\ | |__  __ /  ` /  \ |__) |__         }  {
  | \| |       \__, \__/ |  \ |___     \`-._,-`-,
                                        `._,._,'
  nf-core/rnadnavar 1.0dev
------------------------------------------------------
[1mInput/output options[0m
  [0;34minput                                    : [0;32m/t9k/mnt/hdd/work/Vax/pipeline/rnadnavar/examples/seqc2/hybrid/csv/seqc2_wes_ll_hybrid.csv[0m
  [0;34msplit_fastq                              : [0;32m0[0m
  [0;34moutdir                                   : [0;32m/t9k/mnt/hdd/work/Vax/pipeline/rnadnavar/examples/seqc2/hybrid/output/seqc2.wes.ll.hybrid[0m

[1mReference genome options[0m
  [0;34mbwa                                      : [0;32m/t9k/mnt/WorkSpace/data/ngs/xuzhenyu/bio_db/references/Homo_sapiens/GATK/GRCh38/Sequence/BWAIndex[0m
  [0;34mstar_twopass                             : [0;32mtrue[0m
  [0;34mread_length                              : [0;32m76[0m
  [0;34mnucleotides_per_second                   : [0;32m300000[0m
  [0;34mdbsnp                                    : [0;32m/t9k/mnt/WorkSpace/data/ngs/xuzhenyu/bio_db/references/Homo_sapiens/GATK/GRCh38/Annotation/GATKBundle/dbsnp_146.hg38.vcf.gz[0m
  [0;34mdbsnp_tbi                                : [0;32m/t9k/mnt/WorkSpace/data/ngs/xuzhenyu/bio_db/references/Homo_sapiens/GATK/GRCh38/Annotation/GATKBundle/dbsnp_146.hg38.vcf.gz.tbi[0m
  [0;34mfasta                                    : [0;32m/t9k/mnt/WorkSpace/data/ngs/xuzhenyu/bio_db/references/Homo_sapiens/GATK/GRCh38/Sequence/WholeGenomeFasta/Homo_sapiens_assembly38.fasta[0m
  [0;34mfasta_fai                                : [0;32m/t9k/mnt/WorkSpace/data/ngs/xuzhenyu/bio_db/references/Homo_sapiens/GATK/GRCh38/Sequence/WholeGenomeFasta/Homo_sapiens_assembly38.fasta.fai[0m
  [0;34mgermline_resource                        : [0;32m/t9k/mnt/WorkSpace/data/ngs/xuzhenyu/bio_db/references/Homo_sapiens/GATK/GRCh38/Annotation/GATKBundle/af-only-gnomad.hg38.vcf.gz[0m
  [0;34mgermline_resource_tbi                    : [0;32m/t9k/mnt/WorkSpace/data/ngs/xuzhenyu/bio_db/references/Homo_sapiens/GATK/GRCh38/Annotation/GATKBundle/af-only-gnomad.hg38.vcf.gz.tbi[0m
  [0;34mvep_species                              : [0;32mhomo_sapiens[0m
  [0;34mvep_cache_version                        : [0;32m110[0m
  [0;34mgtf                                      : [0;32ms3://ngi-igenomes/igenomes//Homo_sapiens/NCBI/GRCh38/Annotation/Genes/genes.gtf[0m
  [0;34mrediportal_vcf                           : [0;32m/t9k/mnt/WorkSpace/data/ngs/xuzhenyu/bio_db/rna_editing/REDIportal/REDIportal_hg38_v3.vcf.gz[0m
  [0;34mrediportal_tbi                           : [0;32m/t9k/mnt/WorkSpace/data/ngs/xuzhenyu/bio_db/rna_editing/REDIportal/REDIportal_hg38_v3.vcf.gz.tbi[0m

[1mCOSMIC/gnomAD Annotation[0m
  [0;34mcosmic_database                          : [0;32m/t9k/mnt/WorkSpace/data/ngs/xuzhenyu/bio_db/COSMIC/ucsc_chr_cosmic_GenomeScreensMutant_Normal_v103_GRCh38.vcf.gz[0m
  [0;34mgnomad_database                          : [0;32m/t9k/mnt/WorkSpace/data/ngs/xuzhenyu/bio_db/gnomAD/exomes[0m
  [0;34mcosmic_gnomad_somatic_consensus_threshold: [0;32m2[0m
  [0;34mcosmic_gnomad_workers                    : [0;32m4[0m

[1mPipeline stage options[0m
  [0;34mtools                                    : [0;32mdeepsomatic,mutect2,strelka,norm,consensus,rescue,filtering,rna_filtering[0m
  [0;34mwes                                      : [0;32mtrue[0m

[1mVariant calling[0m
  [0;34mdefaultvariantcallers                    : [0;32mdeepsomatic,strelka,mutect2[0m
  [0;34mconsensus_expected_callers               : [0;32mdeepsomatic,mutect2,strelka[0m
  [0;34mintervals                                : [0;32m/t9k/mnt/WorkSpace/data/ngs/xuzhenyu/bio_db/intervals/ukb.pad50.broad.pad50.union.bed[0m
  [0;34mpon                                      : [0;32m/t9k/mnt/WorkSpace/data/ngs/xuzhenyu/bio_db/references/Homo_sapiens/GATK/GRCh38/Annotation/GATKBundle/1000g_pon.hg38.vcf.gz[0m
  [0;34mpon_tbi                                  : [0;32m/t9k/mnt/WorkSpace/data/ngs/xuzhenyu/bio_db/references/Homo_sapiens/GATK/GRCh38/Annotation/GATKBundle/1000g_pon.hg38.vcf.gz.tbi[0m
  [0;34msage_custom_args                         : [0;32m-validation_stringency LENIENT[0m
  [0;34mignore_soft_clipped_bases                : [0;32mtrue[0m

[1mAnnotation[0m
  [0;34mvep_include_fasta                        : [0;32mtrue[0m
  [0;34mvep_custom_args                          : [0;32m--merged --use_given_ref --no_progress --offline --shift_hgvs 1 --check_existing --tsl --domains --total_length --allele_number --no_escape --xref_refseq --failed 1 --flag_pick_allele --pick_order canonical,tsl,biotype,rank,ccds,length --format vcf --biotype --force_overwrite --sift p --polyphen p --variant_class --regulatory --allele_number --af_gnomad --af_gnomadg --gene_phenotype --hgvs --hgvsg --max_af[0m
  [0;34mvep_cache                                : [0;32m/t9k/mnt/WorkSpace/data/ngs/xuzhenyu/bio_db/vep[0m
  [0;34migenomes_base                            : [0;32m/t9k/mnt/WorkSpace/data/ngs/xuzhenyu/bio_db/references[0m

[1mInstitutional config options[0m
  [0;34mcustom_config_base                       : [0;32m/t9k/mnt/WorkSpace/data/ngs/xuzhenyu/pipeline/configs/[0m
  [0;34mconfig_profile_name                      : [0;32mSeqc2Hybrid[0m
  [0;34mconfig_profile_description               : [0;32mSEQC2 WES_LL caller-ready DNA plus RNA FASTQ hybrid run[0m
  [0;34mpipelines_testdata_base_path             : [0;32m/t9k/mnt/hdd/work/Vax/rnadnavar/test-datasets[0m

[1mGeneric options[0m
  [0;34mtrace_report_suffix                      : [0;32m2026-09-05_09-02-12[0m

[1mCore Nextflow options[0m
  [0;34mrunName                                  : [0;32mkickass_bose[0m
  [0;34mcontainer.RNA_EDITING_ANNOTATION         : [0;32mbiocontainers/mulled-v2-629aec3ba267b06a1efc3ec454c0f09e134f6ee2:3b083bb5eae6e491b8579589b070fa29afbea2a1-0[0m
  [0;34mlaunchDir                                : [0;32m/t9k/mnt/hdd/work/Vax/pipeline/rnadnavar[0m
  [0;34mworkDir                                  : [0;32m/t9k/mnt/hdd/work/Vax/pipeline/rnadnavar/work[0m
  [0;34mprojectDir                               : [0;32m/t9k/mnt/hdd/work/Vax/pipeline/rnadnavar[0m
  [0;34muserName                                 : [0;32mt9kuser[0m
  [0;34mprofile                                  : [0;32mstandard[0m
  [0;34mconfigFiles                              : [0;32m/t9k/mnt/hdd/work/Vax/pipeline/rnadnavar/nextflow.config, /t9k/mnt/hdd/work/Vax/pipeline/rnadnavar/examples/seqc2/seqc2.hybrid.shared.config[0m

!! Only displaying parameters that differ from the pipeline defaults !!
-[2m----------------------------------------------------[0m-
* The nf-core framework
    https://doi.org/10.1038/s41587-020-0439-x

* Software dependencies
    https://github.com/nf-core/rnadnavar/blob/master/CITATIONS.md

WARN: The default Panel-of-Normals provided by GATK is used for Mutect2.
It is highly recommended to generate one from normal samples that are technical similar to the tumor ones.
For more information: https://gatk.broadinstitute.org/hc/en-us/articles/360035890631-Panel-of-Normals-PON-
ERROR ~ Invalid method invocation `call` with arguments: [[patient:WES_LL, sample:WES_LL_N_1, status:0, normal_id:[], input_stage:caller_ready, library:WES_LL_N_1, id:WES_LL_N_1-LX, num_lanes:1, read_group:"@RG\tID:WES_LL_N_1_LX\tPU:LX\tSM:WES_LL_N_1\tLB:WES_LL_N_1\tDS:/t9k/mnt/WorkSpace/data/ngs/xuzhenyu/bio_db/references/Homo_sapiens/GATK/GRCh38/Sequence/WholeGenomeFasta/Homo_sapiens_assembly38.fasta\tPL:ILLUMINA", data_type:bam, size:1], /t9k/mnt/WorkSpace/data/ngs/xuzhenyu/data/giab/data/seqc2/WES/WES_LL_N_1.bwa.dedup.bam, /t9k/mnt/WorkSpace/data/ngs/xuzhenyu/data/giab/data/seqc2/WES/WES_LL_N_1.bwa.dedup.bai] (java.util.ArrayList) on _closure4 type

 -- Check '.nextflow.log' file for details
-[0;35m[nf-core/rnadnavar][0;31m Pipeline completed with errors[0m-
ERROR ~ Pipeline failed. Please refer to troubleshooting docs: https://nf-co.re/docs/usage/troubleshooting

 -- Check '.nextflow.log' file for details
WARN: Failed to render execution report -- see the log file for details
WARN: Failed to render execution timeline -- see the log file for details
[FAIL]  seqc2_wes_ll_hybrid  Command '['micromamba', 'run', '-n', 'nextflow', 'nextflow', 'run', '/t9k/mnt/hdd/work/Vax/pipeline/rnadnavar/main.nf', '-c', '/t9k/mnt/hdd/work/Vax/pipeline/rnadnavar/examples/seqc2/seqc2.hybrid.shared.config', '--input', '/t9k/mnt/hdd/work/Vax/pipeline/rnadnavar/examples/seqc2/hybrid/csv/seqc2_wes_ll_hybrid.csv', '--outdir', '/t9k/mnt/hdd/work/Vax/pipeline/rnadnavar/examples/seqc2/hybrid/output/seqc2.wes.ll.hybrid', '-offline', '-resume', '-with-conda']' returned non-zero exit status 1.
[RUN]  seqc2_wes_ll_hybrid
       conf: /t9k/mnt/hdd/work/Vax/pipeline/rnadnavar/examples/seqc2/seqc2.hybrid.shared.config
       csv : /t9k/mnt/hdd/work/Vax/pipeline/rnadnavar/examples/seqc2/hybrid/csv/seqc2_wes_ll_hybrid.csv
       out : /t9k/mnt/hdd/work/Vax/pipeline/rnadnavar/examples/seqc2/hybrid/output/seqc2.wes.ll.hybrid
       cmd : micromamba run -n nextflow nextflow run /t9k/mnt/hdd/work/Vax/pipeline/rnadnavar/main.nf -c /t9k/mnt/hdd/work/Vax/pipeline/rnadnavar/examples/seqc2/seqc2.hybrid.shared.config --input /t9k/mnt/hdd/work/Vax/pipeline/rnadnavar/examples/seqc2/hybrid/csv/seqc2_wes_ll_hybrid.csv --outdir /t9k/mnt/hdd/work/Vax/pipeline/rnadnavar/examples/seqc2/hybrid/output/seqc2.wes.ll.hybrid -offline -resume -with-conda
[33mNextflow 26.04.6 is available - Please consider updating your version to it(B[m
N E X T F L O W  ~  version 25.10.0
Launching `/t9k/mnt/hdd/work/Vax/pipeline/rnadnavar/main.nf` [insane_ramanujan] DSL2 - revision: 178048b6a6

------------------------------------------------------
                                        ,--./,-.
        ___     __   __   __   ___     /,-._.--~'
  |\ | |__  __ /  ` /  \ |__) |__         }  {
  | \| |       \__, \__/ |  \ |___     \`-._,-`-,
                                        `._,._,'
  nf-core/rnadnavar 1.0dev
------------------------------------------------------
[1mInput/output options[0m
  [0;34minput                                    : [0;32m/t9k/mnt/hdd/work/Vax/pipeline/rnadnavar/examples/seqc2/hybrid/csv/seqc2_wes_ll_hybrid.csv[0m
  [0;34msplit_fastq                              : [0;32m0[0m
  [0;34moutdir                                   : [0;32m/t9k/mnt/hdd/work/Vax/pipeline/rnadnavar/examples/seqc2/hybrid/output/seqc2.wes.ll.hybrid[0m

[1mReference genome options[0m
  [0;34mbwa                                      : [0;32m/t9k/mnt/WorkSpace/data/ngs/xuzhenyu/bio_db/references/Homo_sapiens/GATK/GRCh38/Sequence/BWAIndex[0m
  [0;34mstar_twopass                             : [0;32mtrue[0m
  [0;34mread_length                              : [0;32m76[0m
  [0;34mnucleotides_per_second                   : [0;32m300000[0m
  [0;34mdbsnp                                    : [0;32m/t9k/mnt/WorkSpace/data/ngs/xuzhenyu/bio_db/references/Homo_sapiens/GATK/GRCh38/Annotation/GATKBundle/dbsnp_146.hg38.vcf.gz[0m
  [0;34mdbsnp_tbi                                : [0;32m/t9k/mnt/WorkSpace/data/ngs/xuzhenyu/bio_db/references/Homo_sapiens/GATK/GRCh38/Annotation/GATKBundle/dbsnp_146.hg38.vcf.gz.tbi[0m
  [0;34mfasta                                    : [0;32m/t9k/mnt/WorkSpace/data/ngs/xuzhenyu/bio_db/references/Homo_sapiens/GATK/GRCh38/Sequence/WholeGenomeFasta/Homo_sapiens_assembly38.fasta[0m
  [0;34mfasta_fai                                : [0;32m/t9k/mnt/WorkSpace/data/ngs/xuzhenyu/bio_db/references/Homo_sapiens/GATK/GRCh38/Sequence/WholeGenomeFasta/Homo_sapiens_assembly38.fasta.fai[0m
  [0;34mgermline_resource                        : [0;32m/t9k/mnt/WorkSpace/data/ngs/xuzhenyu/bio_db/references/Homo_sapiens/GATK/GRCh38/Annotation/GATKBundle/af-only-gnomad.hg38.vcf.gz[0m
  [0;34mgermline_resource_tbi                    : [0;32m/t9k/mnt/WorkSpace/data/ngs/xuzhenyu/bio_db/references/Homo_sapiens/GATK/GRCh38/Annotation/GATKBundle/af-only-gnomad.hg38.vcf.gz.tbi[0m
  [0;34mvep_species                              : [0;32mhomo_sapiens[0m
  [0;34mvep_cache_version                        : [0;32m110[0m
  [0;34mgtf                                      : [0;32ms3://ngi-igenomes/igenomes//Homo_sapiens/NCBI/GRCh38/Annotation/Genes/genes.gtf[0m
  [0;34mrediportal_vcf                           : [0;32m/t9k/mnt/WorkSpace/data/ngs/xuzhenyu/bio_db/rna_editing/REDIportal/REDIportal_hg38_v3.vcf.gz[0m
  [0;34mrediportal_tbi                           : [0;32m/t9k/mnt/WorkSpace/data/ngs/xuzhenyu/bio_db/rna_editing/REDIportal/REDIportal_hg38_v3.vcf.gz.tbi[0m

[1mCOSMIC/gnomAD Annotation[0m
  [0;34mcosmic_database                          : [0;32m/t9k/mnt/WorkSpace/data/ngs/xuzhenyu/bio_db/COSMIC/ucsc_chr_cosmic_GenomeScreensMutant_Normal_v103_GRCh38.vcf.gz[0m
  [0;34mgnomad_database                          : [0;32m/t9k/mnt/WorkSpace/data/ngs/xuzhenyu/bio_db/gnomAD/exomes[0m
  [0;34mcosmic_gnomad_somatic_consensus_threshold: [0;32m2[0m
  [0;34mcosmic_gnomad_workers                    : [0;32m4[0m

[1mPipeline stage options[0m
  [0;34mtools                                    : [0;32mdeepsomatic,mutect2,strelka,norm,consensus,rescue,filtering,rna_filtering[0m
  [0;34mwes                                      : [0;32mtrue[0m

[1mVariant calling[0m
  [0;34mdefaultvariantcallers                    : [0;32mdeepsomatic,strelka,mutect2[0m
  [0;34mconsensus_expected_callers               : [0;32mdeepsomatic,mutect2,strelka[0m
  [0;34mintervals                                : [0;32m/t9k/mnt/WorkSpace/data/ngs/xuzhenyu/bio_db/intervals/ukb.pad50.broad.pad50.union.bed[0m
  [0;34mpon                                      : [0;32m/t9k/mnt/WorkSpace/data/ngs/xuzhenyu/bio_db/references/Homo_sapiens/GATK/GRCh38/Annotation/GATKBundle/1000g_pon.hg38.vcf.gz[0m
  [0;34mpon_tbi                                  : [0;32m/t9k/mnt/WorkSpace/data/ngs/xuzhenyu/bio_db/references/Homo_sapiens/GATK/GRCh38/Annotation/GATKBundle/1000g_pon.hg38.vcf.gz.tbi[0m
  [0;34msage_custom_args                         : [0;32m-validation_stringency LENIENT[0m
  [0;34mignore_soft_clipped_bases                : [0;32mtrue[0m

[1mAnnotation[0m
  [0;34mvep_include_fasta                        : [0;32mtrue[0m
  [0;34mvep_custom_args                          : [0;32m--merged --use_given_ref --no_progress --offline --shift_hgvs 1 --check_existing --tsl --domains --total_length --allele_number --no_escape --xref_refseq --failed 1 --flag_pick_allele --pick_order canonical,tsl,biotype,rank,ccds,length --format vcf --biotype --force_overwrite --sift p --polyphen p --variant_class --regulatory --allele_number --af_gnomad --af_gnomadg --gene_phenotype --hgvs --hgvsg --max_af[0m
  [0;34mvep_cache                                : [0;32m/t9k/mnt/WorkSpace/data/ngs/xuzhenyu/bio_db/vep[0m
  [0;34migenomes_base                            : [0;32m/t9k/mnt/WorkSpace/data/ngs/xuzhenyu/bio_db/references[0m

[1mInstitutional config options[0m
  [0;34mcustom_config_base                       : [0;32m/t9k/mnt/WorkSpace/data/ngs/xuzhenyu/pipeline/configs/[0m
  [0;34mconfig_profile_name                      : [0;32mSeqc2Hybrid[0m
  [0;34mconfig_profile_description               : [0;32mSEQC2 WES_LL caller-ready DNA plus RNA FASTQ hybrid run[0m
  [0;34mpipelines_testdata_base_path             : [0;32m/t9k/mnt/hdd/work/Vax/rnadnavar/test-datasets[0m

[1mGeneric options[0m
  [0;34mtrace_report_suffix                      : [0;32m2026-09-05_09-04-32[0m

[1mCore Nextflow options[0m
  [0;34mrunName                                  : [0;32minsane_ramanujan[0m
  [0;34mcontainer.RNA_EDITING_ANNOTATION         : [0;32mbiocontainers/mulled-v2-629aec3ba267b06a1efc3ec454c0f09e134f6ee2:3b083bb5eae6e491b8579589b070fa29afbea2a1-0[0m
  [0;34mlaunchDir                                : [0;32m/t9k/mnt/hdd/work/Vax/pipeline/rnadnavar[0m
  [0;34mworkDir                                  : [0;32m/t9k/mnt/hdd/work/Vax/pipeline/rnadnavar/work[0m
  [0;34mprojectDir                               : [0;32m/t9k/mnt/hdd/work/Vax/pipeline/rnadnavar[0m
  [0;34muserName                                 : [0;32mt9kuser[0m
  [0;34mprofile                                  : [0;32mstandard[0m
  [0;34mconfigFiles                              : [0;32m/t9k/mnt/hdd/work/Vax/pipeline/rnadnavar/nextflow.config, /t9k/mnt/hdd/work/Vax/pipeline/rnadnavar/examples/seqc2/seqc2.hybrid.shared.config[0m

!! Only displaying parameters that differ from the pipeline defaults !!
-[2m----------------------------------------------------[0m-
* The nf-core framework
    https://doi.org/10.1038/s41587-020-0439-x

* Software dependencies
    https://github.com/nf-core/rnadnavar/blob/master/CITATIONS.md

WARN: The default Panel-of-Normals provided by GATK is used for Mutect2.
It is highly recommended to generate one from normal samples that are technical similar to the tumor ones.
For more information: https://gatk.broadinstitute.org/hc/en-us/articles/360035890631-Panel-of-Normals-PON-
WARN: Input tuple does not match tuple declaration in process `NFCORE_RNADNAVAR:RNADNAVAR:BAM_ALIGN:BAM_TO_CRAM_MAPPING` -- offending value: [/t9k/mnt/WorkSpace/data/ngs/xuzhenyu/bio_db/references/Homo_sapiens/GATK/GRCh38/Sequence/WholeGenomeFasta/Homo_sapiens_assembly38.fasta.fai]
ERROR ~ Error executing process > 'NFCORE_RNADNAVAR:RNADNAVAR:BAM_ALIGN:BAM_TO_CRAM_MAPPING (2)'

Caused by:
  Path value cannot be null



Tip: when you have fixed the problem you can continue the execution adding the option `-resume` to the run command line

 -- Check '.nextflow.log' file for details
Execution cancelled -- Finishing pending tasks before exit
ERROR ~ Pipeline failed. Please refer to troubleshooting docs: https://nf-co.re/docs/usage/troubleshooting

 -- Check '.nextflow.log' file for details
-[0;35m[nf-core/rnadnavar][0;31m Pipeline completed with errors[0m-
[FAIL]  seqc2_wes_ll_hybrid  Command '['micromamba', 'run', '-n', 'nextflow', 'nextflow', 'run', '/t9k/mnt/hdd/work/Vax/pipeline/rnadnavar/main.nf', '-c', '/t9k/mnt/hdd/work/Vax/pipeline/rnadnavar/examples/seqc2/seqc2.hybrid.shared.config', '--input', '/t9k/mnt/hdd/work/Vax/pipeline/rnadnavar/examples/seqc2/hybrid/csv/seqc2_wes_ll_hybrid.csv', '--outdir', '/t9k/mnt/hdd/work/Vax/pipeline/rnadnavar/examples/seqc2/hybrid/output/seqc2.wes.ll.hybrid', '-offline', '-resume', '-with-conda']' returned non-zero exit status 1.
[RUN]  seqc2_wes_ll_hybrid
       conf: /t9k/mnt/hdd/work/Vax/pipeline/rnadnavar/examples/seqc2/seqc2.hybrid.shared.config
       csv : /t9k/mnt/hdd/work/Vax/pipeline/rnadnavar/examples/seqc2/hybrid/csv/seqc2_wes_ll_hybrid.csv
       out : /t9k/mnt/hdd/work/Vax/pipeline/rnadnavar/examples/seqc2/hybrid/output/seqc2.wes.ll.hybrid
       cmd : micromamba run -n nextflow nextflow run /t9k/mnt/hdd/work/Vax/pipeline/rnadnavar/main.nf -c /t9k/mnt/hdd/work/Vax/pipeline/rnadnavar/examples/seqc2/seqc2.hybrid.shared.config --input /t9k/mnt/hdd/work/Vax/pipeline/rnadnavar/examples/seqc2/hybrid/csv/seqc2_wes_ll_hybrid.csv --outdir /t9k/mnt/hdd/work/Vax/pipeline/rnadnavar/examples/seqc2/hybrid/output/seqc2.wes.ll.hybrid -offline -resume -with-conda
[33mNextflow 26.04.6 is available - Please consider updating your version to it(B[m
N E X T F L O W  ~  version 25.10.0
Launching `/t9k/mnt/hdd/work/Vax/pipeline/rnadnavar/main.nf` [backstabbing_khorana] DSL2 - revision: 178048b6a6

------------------------------------------------------
                                        ,--./,-.
        ___     __   __   __   ___     /,-._.--~'
  |\ | |__  __ /  ` /  \ |__) |__         }  {
  | \| |       \__, \__/ |  \ |___     \`-._,-`-,
                                        `._,._,'
  nf-core/rnadnavar 1.0dev
------------------------------------------------------
[1mInput/output options[0m
  [0;34minput                                    : [0;32m/t9k/mnt/hdd/work/Vax/pipeline/rnadnavar/examples/seqc2/hybrid/csv/seqc2_wes_ll_hybrid.csv[0m
  [0;34msplit_fastq                              : [0;32m0[0m
  [0;34moutdir                                   : [0;32m/t9k/mnt/hdd/work/Vax/pipeline/rnadnavar/examples/seqc2/hybrid/output/seqc2.wes.ll.hybrid[0m

[1mReference genome options[0m
  [0;34mbwa                                      : [0;32m/t9k/mnt/WorkSpace/data/ngs/xuzhenyu/bio_db/references/Homo_sapiens/GATK/GRCh38/Sequence/BWAIndex[0m
  [0;34mstar_twopass                             : [0;32mtrue[0m
  [0;34mread_length                              : [0;32m76[0m
  [0;34mnucleotides_per_second                   : [0;32m300000[0m
  [0;34mdbsnp                                    : [0;32m/t9k/mnt/WorkSpace/data/ngs/xuzhenyu/bio_db/references/Homo_sapiens/GATK/GRCh38/Annotation/GATKBundle/dbsnp_146.hg38.vcf.gz[0m
  [0;34mdbsnp_tbi                                : [0;32m/t9k/mnt/WorkSpace/data/ngs/xuzhenyu/bio_db/references/Homo_sapiens/GATK/GRCh38/Annotation/GATKBundle/dbsnp_146.hg38.vcf.gz.tbi[0m
  [0;34mfasta                                    : [0;32m/t9k/mnt/WorkSpace/data/ngs/xuzhenyu/bio_db/references/Homo_sapiens/GATK/GRCh38/Sequence/WholeGenomeFasta/Homo_sapiens_assembly38.fasta[0m
  [0;34mfasta_fai                                : [0;32m/t9k/mnt/WorkSpace/data/ngs/xuzhenyu/bio_db/references/Homo_sapiens/GATK/GRCh38/Sequence/WholeGenomeFasta/Homo_sapiens_assembly38.fasta.fai[0m
  [0;34mgermline_resource                        : [0;32m/t9k/mnt/WorkSpace/data/ngs/xuzhenyu/bio_db/references/Homo_sapiens/GATK/GRCh38/Annotation/GATKBundle/af-only-gnomad.hg38.vcf.gz[0m
  [0;34mgermline_resource_tbi                    : [0;32m/t9k/mnt/WorkSpace/data/ngs/xuzhenyu/bio_db/references/Homo_sapiens/GATK/GRCh38/Annotation/GATKBundle/af-only-gnomad.hg38.vcf.gz.tbi[0m
  [0;34mvep_species                              : [0;32mhomo_sapiens[0m
  [0;34mvep_cache_version                        : [0;32m110[0m
  [0;34mgtf                                      : [0;32ms3://ngi-igenomes/igenomes//Homo_sapiens/NCBI/GRCh38/Annotation/Genes/genes.gtf[0m
  [0;34mrediportal_vcf                           : [0;32m/t9k/mnt/WorkSpace/data/ngs/xuzhenyu/bio_db/rna_editing/REDIportal/REDIportal_hg38_v3.vcf.gz[0m
  [0;34mrediportal_tbi                           : [0;32m/t9k/mnt/WorkSpace/data/ngs/xuzhenyu/bio_db/rna_editing/REDIportal/REDIportal_hg38_v3.vcf.gz.tbi[0m

[1mCOSMIC/gnomAD Annotation[0m
  [0;34mcosmic_database                          : [0;32m/t9k/mnt/WorkSpace/data/ngs/xuzhenyu/bio_db/COSMIC/ucsc_chr_cosmic_GenomeScreensMutant_Normal_v103_GRCh38.vcf.gz[0m
  [0;34mgnomad_database                          : [0;32m/t9k/mnt/WorkSpace/data/ngs/xuzhenyu/bio_db/gnomAD/exomes[0m
  [0;34mcosmic_gnomad_somatic_consensus_threshold: [0;32m2[0m
  [0;34mcosmic_gnomad_workers                    : [0;32m4[0m

[1mPipeline stage options[0m
  [0;34mtools                                    : [0;32mdeepsomatic,mutect2,strelka,norm,consensus,rescue,filtering,rna_filtering[0m
  [0;34mwes                                      : [0;32mtrue[0m

[1mVariant calling[0m
  [0;34mdefaultvariantcallers                    : [0;32mdeepsomatic,strelka,mutect2[0m
  [0;34mconsensus_expected_callers               : [0;32mdeepsomatic,mutect2,strelka[0m
  [0;34mintervals                                : [0;32m/t9k/mnt/WorkSpace/data/ngs/xuzhenyu/bio_db/intervals/ukb.pad50.broad.pad50.union.bed[0m
  [0;34mpon                                      : [0;32m/t9k/mnt/WorkSpace/data/ngs/xuzhenyu/bio_db/references/Homo_sapiens/GATK/GRCh38/Annotation/GATKBundle/1000g_pon.hg38.vcf.gz[0m
  [0;34mpon_tbi                                  : [0;32m/t9k/mnt/WorkSpace/data/ngs/xuzhenyu/bio_db/references/Homo_sapiens/GATK/GRCh38/Annotation/GATKBundle/1000g_pon.hg38.vcf.gz.tbi[0m
  [0;34msage_custom_args                         : [0;32m-validation_stringency LENIENT[0m
  [0;34mignore_soft_clipped_bases                : [0;32mtrue[0m

[1mAnnotation[0m
  [0;34mvep_include_fasta                        : [0;32mtrue[0m
  [0;34mvep_custom_args                          : [0;32m--merged --use_given_ref --no_progress --offline --shift_hgvs 1 --check_existing --tsl --domains --total_length --allele_number --no_escape --xref_refseq --failed 1 --flag_pick_allele --pick_order canonical,tsl,biotype,rank,ccds,length --format vcf --biotype --force_overwrite --sift p --polyphen p --variant_class --regulatory --allele_number --af_gnomad --af_gnomadg --gene_phenotype --hgvs --hgvsg --max_af[0m
  [0;34mvep_cache                                : [0;32m/t9k/mnt/WorkSpace/data/ngs/xuzhenyu/bio_db/vep[0m
  [0;34migenomes_base                            : [0;32m/t9k/mnt/WorkSpace/data/ngs/xuzhenyu/bio_db/references[0m

[1mInstitutional config options[0m
  [0;34mcustom_config_base                       : [0;32m/t9k/mnt/WorkSpace/data/ngs/xuzhenyu/pipeline/configs/[0m
  [0;34mconfig_profile_name                      : [0;32mSeqc2Hybrid[0m
  [0;34mconfig_profile_description               : [0;32mSEQC2 WES_LL caller-ready DNA plus RNA FASTQ hybrid run[0m
  [0;34mpipelines_testdata_base_path             : [0;32m/t9k/mnt/hdd/work/Vax/rnadnavar/test-datasets[0m

[1mGeneric options[0m
  [0;34mtrace_report_suffix                      : [0;32m2026-09-05_09-05-41[0m

[1mCore Nextflow options[0m
  [0;34mrunName                                  : [0;32mbackstabbing_khorana[0m
  [0;34mcontainer.RNA_EDITING_ANNOTATION         : [0;32mbiocontainers/mulled-v2-629aec3ba267b06a1efc3ec454c0f09e134f6ee2:3b083bb5eae6e491b8579589b070fa29afbea2a1-0[0m
  [0;34mlaunchDir                                : [0;32m/t9k/mnt/hdd/work/Vax/pipeline/rnadnavar[0m
  [0;34mworkDir                                  : [0;32m/t9k/mnt/hdd/work/Vax/pipeline/rnadnavar/work[0m
  [0;34mprojectDir                               : [0;32m/t9k/mnt/hdd/work/Vax/pipeline/rnadnavar[0m
  [0;34muserName                                 : [0;32mt9kuser[0m
  [0;34mprofile                                  : [0;32mstandard[0m
  [0;34mconfigFiles                              : [0;32m/t9k/mnt/hdd/work/Vax/pipeline/rnadnavar/nextflow.config, /t9k/mnt/hdd/work/Vax/pipeline/rnadnavar/examples/seqc2/seqc2.hybrid.shared.config[0m

!! Only displaying parameters that differ from the pipeline defaults !!
-[2m----------------------------------------------------[0m-
* The nf-core framework
    https://doi.org/10.1038/s41587-020-0439-x

* Software dependencies
    https://github.com/nf-core/rnadnavar/blob/master/CITATIONS.md

WARN: The default Panel-of-Normals provided by GATK is used for Mutect2.
It is highly recommended to generate one from normal samples that are technical similar to the tumor ones.
For more information: https://gatk.broadinstitute.org/hc/en-us/articles/360035890631-Panel-of-Normals-PON-
WARN: Input tuple does not match tuple declaration in process `NFCORE_RNADNAVAR:RNADNAVAR:BAM_ALIGN:BAM_TO_CRAM_MAPPING` -- offending value: [/t9k/mnt/WorkSpace/data/ngs/xuzhenyu/bio_db/references/Homo_sapiens/GATK/GRCh38/Sequence/WholeGenomeFasta/Homo_sapiens_assembly38.fasta.fai]
ERROR ~ Error executing process > 'NFCORE_RNADNAVAR:RNADNAVAR:BAM_ALIGN:BAM_TO_CRAM_MAPPING (2)'

Caused by:
  Path value cannot be null



Tip: when you have fixed the problem you can continue the execution adding the option `-resume` to the run command line

 -- Check '.nextflow.log' file for details
Execution cancelled -- Finishing pending tasks before exit
ERROR ~ Pipeline failed. Please refer to troubleshooting docs: https://nf-co.re/docs/usage/troubleshooting

 -- Check '.nextflow.log' file for details
-[0;35m[nf-core/rnadnavar][0;31m Pipeline completed with errors[0m-
[FAIL]  seqc2_wes_ll_hybrid  Command '['micromamba', 'run', '-n', 'nextflow', 'nextflow', 'run', '/t9k/mnt/hdd/work/Vax/pipeline/rnadnavar/main.nf', '-c', '/t9k/mnt/hdd/work/Vax/pipeline/rnadnavar/examples/seqc2/seqc2.hybrid.shared.config', '--input', '/t9k/mnt/hdd/work/Vax/pipeline/rnadnavar/examples/seqc2/hybrid/csv/seqc2_wes_ll_hybrid.csv', '--outdir', '/t9k/mnt/hdd/work/Vax/pipeline/rnadnavar/examples/seqc2/hybrid/output/seqc2.wes.ll.hybrid', '-offline', '-resume', '-with-conda']' returned non-zero exit status 1.
[RUN]  seqc2_wes_ll_hybrid
       conf: /t9k/mnt/hdd/work/Vax/pipeline/rnadnavar/examples/seqc2/seqc2.hybrid.shared.config
       csv : /t9k/mnt/hdd/work/Vax/pipeline/rnadnavar/examples/seqc2/hybrid/csv/seqc2_wes_ll_hybrid.csv
       out : /t9k/mnt/hdd/work/Vax/pipeline/rnadnavar/examples/seqc2/hybrid/output/seqc2.wes.ll.hybrid
       cmd : micromamba run -n nextflow nextflow run /t9k/mnt/hdd/work/Vax/pipeline/rnadnavar/main.nf -c /t9k/mnt/hdd/work/Vax/pipeline/rnadnavar/examples/seqc2/seqc2.hybrid.shared.config --input /t9k/mnt/hdd/work/Vax/pipeline/rnadnavar/examples/seqc2/hybrid/csv/seqc2_wes_ll_hybrid.csv --outdir /t9k/mnt/hdd/work/Vax/pipeline/rnadnavar/examples/seqc2/hybrid/output/seqc2.wes.ll.hybrid -offline -resume -with-conda
[33mNextflow 26.04.6 is available - Please consider updating your version to it(B[m
N E X T F L O W  ~  version 25.10.0
Launching `/t9k/mnt/hdd/work/Vax/pipeline/rnadnavar/main.nf` [focused_marconi] DSL2 - revision: 178048b6a6

------------------------------------------------------
                                        ,--./,-.
        ___     __   __   __   ___     /,-._.--~'
  |\ | |__  __ /  ` /  \ |__) |__         }  {
  | \| |       \__, \__/ |  \ |___     \`-._,-`-,
                                        `._,._,'
  nf-core/rnadnavar 1.0dev
------------------------------------------------------
[1mInput/output options[0m
  [0;34minput                                    : [0;32m/t9k/mnt/hdd/work/Vax/pipeline/rnadnavar/examples/seqc2/hybrid/csv/seqc2_wes_ll_hybrid.csv[0m
  [0;34msplit_fastq                              : [0;32m0[0m
  [0;34moutdir                                   : [0;32m/t9k/mnt/hdd/work/Vax/pipeline/rnadnavar/examples/seqc2/hybrid/output/seqc2.wes.ll.hybrid[0m

[1mReference genome options[0m
  [0;34mbwa                                      : [0;32m/t9k/mnt/WorkSpace/data/ngs/xuzhenyu/bio_db/references/Homo_sapiens/GATK/GRCh38/Sequence/BWAIndex[0m
  [0;34mstar_twopass                             : [0;32mtrue[0m
  [0;34mread_length                              : [0;32m76[0m
  [0;34mnucleotides_per_second                   : [0;32m300000[0m
  [0;34mdbsnp                                    : [0;32m/t9k/mnt/WorkSpace/data/ngs/xuzhenyu/bio_db/references/Homo_sapiens/GATK/GRCh38/Annotation/GATKBundle/dbsnp_146.hg38.vcf.gz[0m
  [0;34mdbsnp_tbi                                : [0;32m/t9k/mnt/WorkSpace/data/ngs/xuzhenyu/bio_db/references/Homo_sapiens/GATK/GRCh38/Annotation/GATKBundle/dbsnp_146.hg38.vcf.gz.tbi[0m
  [0;34mfasta                                    : [0;32m/t9k/mnt/WorkSpace/data/ngs/xuzhenyu/bio_db/references/Homo_sapiens/GATK/GRCh38/Sequence/WholeGenomeFasta/Homo_sapiens_assembly38.fasta[0m
  [0;34mfasta_fai                                : [0;32m/t9k/mnt/WorkSpace/data/ngs/xuzhenyu/bio_db/references/Homo_sapiens/GATK/GRCh38/Sequence/WholeGenomeFasta/Homo_sapiens_assembly38.fasta.fai[0m
  [0;34mgermline_resource                        : [0;32m/t9k/mnt/WorkSpace/data/ngs/xuzhenyu/bio_db/references/Homo_sapiens/GATK/GRCh38/Annotation/GATKBundle/af-only-gnomad.hg38.vcf.gz[0m
  [0;34mgermline_resource_tbi                    : [0;32m/t9k/mnt/WorkSpace/data/ngs/xuzhenyu/bio_db/references/Homo_sapiens/GATK/GRCh38/Annotation/GATKBundle/af-only-gnomad.hg38.vcf.gz.tbi[0m
  [0;34mvep_species                              : [0;32mhomo_sapiens[0m
  [0;34mvep_cache_version                        : [0;32m110[0m
  [0;34mgtf                                      : [0;32ms3://ngi-igenomes/igenomes//Homo_sapiens/NCBI/GRCh38/Annotation/Genes/genes.gtf[0m
  [0;34mrediportal_vcf                           : [0;32m/t9k/mnt/WorkSpace/data/ngs/xuzhenyu/bio_db/rna_editing/REDIportal/REDIportal_hg38_v3.vcf.gz[0m
  [0;34mrediportal_tbi                           : [0;32m/t9k/mnt/WorkSpace/data/ngs/xuzhenyu/bio_db/rna_editing/REDIportal/REDIportal_hg38_v3.vcf.gz.tbi[0m

[1mCOSMIC/gnomAD Annotation[0m
  [0;34mcosmic_database                          : [0;32m/t9k/mnt/WorkSpace/data/ngs/xuzhenyu/bio_db/COSMIC/ucsc_chr_cosmic_GenomeScreensMutant_Normal_v103_GRCh38.vcf.gz[0m
  [0;34mgnomad_database                          : [0;32m/t9k/mnt/WorkSpace/data/ngs/xuzhenyu/bio_db/gnomAD/exomes[0m
  [0;34mcosmic_gnomad_somatic_consensus_threshold: [0;32m2[0m
  [0;34mcosmic_gnomad_workers                    : [0;32m4[0m

[1mPipeline stage options[0m
  [0;34mtools                                    : [0;32mdeepsomatic,mutect2,strelka,norm,consensus,rescue,filtering,rna_filtering[0m
  [0;34mwes                                      : [0;32mtrue[0m

[1mVariant calling[0m
  [0;34mdefaultvariantcallers                    : [0;32mdeepsomatic,strelka,mutect2[0m
  [0;34mconsensus_expected_callers               : [0;32mdeepsomatic,mutect2,strelka[0m
  [0;34mintervals                                : [0;32m/t9k/mnt/WorkSpace/data/ngs/xuzhenyu/bio_db/intervals/ukb.pad50.broad.pad50.union.bed[0m
  [0;34mpon                                      : [0;32m/t9k/mnt/WorkSpace/data/ngs/xuzhenyu/bio_db/references/Homo_sapiens/GATK/GRCh38/Annotation/GATKBundle/1000g_pon.hg38.vcf.gz[0m
  [0;34mpon_tbi                                  : [0;32m/t9k/mnt/WorkSpace/data/ngs/xuzhenyu/bio_db/references/Homo_sapiens/GATK/GRCh38/Annotation/GATKBundle/1000g_pon.hg38.vcf.gz.tbi[0m
  [0;34msage_custom_args                         : [0;32m-validation_stringency LENIENT[0m
  [0;34mignore_soft_clipped_bases                : [0;32mtrue[0m

[1mAnnotation[0m
  [0;34mvep_include_fasta                        : [0;32mtrue[0m
  [0;34mvep_custom_args                          : [0;32m--merged --use_given_ref --no_progress --offline --shift_hgvs 1 --check_existing --tsl --domains --total_length --allele_number --no_escape --xref_refseq --failed 1 --flag_pick_allele --pick_order canonical,tsl,biotype,rank,ccds,length --format vcf --biotype --force_overwrite --sift p --polyphen p --variant_class --regulatory --allele_number --af_gnomad --af_gnomadg --gene_phenotype --hgvs --hgvsg --max_af[0m
  [0;34mvep_cache                                : [0;32m/t9k/mnt/WorkSpace/data/ngs/xuzhenyu/bio_db/vep[0m
  [0;34migenomes_base                            : [0;32m/t9k/mnt/WorkSpace/data/ngs/xuzhenyu/bio_db/references[0m

[1mInstitutional config options[0m
  [0;34mcustom_config_base                       : [0;32m/t9k/mnt/WorkSpace/data/ngs/xuzhenyu/pipeline/configs/[0m
  [0;34mconfig_profile_name                      : [0;32mSeqc2Hybrid[0m
  [0;34mconfig_profile_description               : [0;32mSEQC2 WES_LL caller-ready DNA plus RNA FASTQ hybrid run[0m
  [0;34mpipelines_testdata_base_path             : [0;32m/t9k/mnt/hdd/work/Vax/rnadnavar/test-datasets[0m

[1mGeneric options[0m
  [0;34mtrace_report_suffix                      : [0;32m2026-09-05_09-06-56[0m

[1mCore Nextflow options[0m
  [0;34mrunName                                  : [0;32mfocused_marconi[0m
  [0;34mcontainer.RNA_EDITING_ANNOTATION         : [0;32mbiocontainers/mulled-v2-629aec3ba267b06a1efc3ec454c0f09e134f6ee2:3b083bb5eae6e491b8579589b070fa29afbea2a1-0[0m
  [0;34mlaunchDir                                : [0;32m/t9k/mnt/hdd/work/Vax/pipeline/rnadnavar[0m
  [0;34mworkDir                                  : [0;32m/t9k/mnt/hdd/work/Vax/pipeline/rnadnavar/work[0m
  [0;34mprojectDir                               : [0;32m/t9k/mnt/hdd/work/Vax/pipeline/rnadnavar[0m
  [0;34muserName                                 : [0;32mt9kuser[0m
  [0;34mprofile                                  : [0;32mstandard[0m
  [0;34mconfigFiles                              : [0;32m/t9k/mnt/hdd/work/Vax/pipeline/rnadnavar/nextflow.config, /t9k/mnt/hdd/work/Vax/pipeline/rnadnavar/examples/seqc2/seqc2.hybrid.shared.config[0m

!! Only displaying parameters that differ from the pipeline defaults !!
-[2m----------------------------------------------------[0m-
* The nf-core framework
    https://doi.org/10.1038/s41587-020-0439-x

* Software dependencies
    https://github.com/nf-core/rnadnavar/blob/master/CITATIONS.md

WARN: The default Panel-of-Normals provided by GATK is used for Mutect2.
It is highly recommended to generate one from normal samples that are technical similar to the tumor ones.
For more information: https://gatk.broadinstitute.org/hc/en-us/articles/360035890631-Panel-of-Normals-PON-
[1d/266ae2] Submitted process > NFCORE_RNADNAVAR:RNADNAVAR:BAM_ALIGN:FASTQC (WES_LL_RT_1-SRR9134699)
[37/423220] Submitted process > NFCORE_RNADNAVAR:RNADNAVAR:PREPARE_REFERENCE_AND_INTERVALS:PREPARE_GENOME:GATK4_CREATESEQUENCEDICTIONARY (Homo_sapiens_assembly38.fasta)
[6f/b56087] Submitted process > NFCORE_RNADNAVAR:RNADNAVAR:PREPARE_REFERENCE_AND_INTERVALS:PREPARE_INTERVALS:CREATE_INTERVALS_BED (ukb.pad50.broad.pad50.union.bed)
[24/c4b0fd] Submitted process > NFCORE_RNADNAVAR:RNADNAVAR:BAM_ALIGN:FASTQC (WES_LL_RT_1-SRR9134697)
[71/ace397] Submitted process > NFCORE_RNADNAVAR:RNADNAVAR:BAM_ALIGN:FASTQC (WES_LL_RT_1-SRR9134727)
[99/87874c] Submitted process > NFCORE_RNADNAVAR:RNADNAVAR:PREPARE_REFERENCE_AND_INTERVALS:PREPARE_INTERVALS:TABIX_BGZIPTABIX_INTERVAL_COMBINED (ukb.pad50.broad.pad50.union)
-[0;35m[nf-core/rnadnavar][0;31m Pipeline completed with errors[0m-
WARN: Killing running tasks (5)
Staging foreign file: s3://ngi-igenomes/igenomes/Homo_sapiens/NCBI/GRCh38/Annotation/Genes/genes.gtf
ERROR ~ Pipeline failed. Please refer to troubleshooting docs: https://nf-co.re/docs/usage/troubleshooting

 -- Check '.nextflow.log' file for details
WARN: Failed to render execution report -- see the log file for details
WARN: Failed to render execution timeline -- see the log file for details
Interrupted system call ; error code 4
[RUN]  seqc2_wes_ll_hybrid
       conf: /t9k/mnt/hdd/work/Vax/pipeline/rnadnavar/examples/seqc2/seqc2.hybrid.shared.config
       csv : /t9k/mnt/hdd/work/Vax/pipeline/rnadnavar/examples/seqc2/hybrid/csv/seqc2_wes_ll_hybrid.csv
       out : /t9k/mnt/hdd/work/Vax/pipeline/rnadnavar/examples/seqc2/hybrid/output/seqc2.wes.ll.hybrid
       cmd : micromamba run -n nextflow nextflow run /t9k/mnt/hdd/work/Vax/pipeline/rnadnavar/main.nf -c /t9k/mnt/hdd/work/Vax/pipeline/rnadnavar/examples/seqc2/seqc2.hybrid.shared.config --input /t9k/mnt/hdd/work/Vax/pipeline/rnadnavar/examples/seqc2/hybrid/csv/seqc2_wes_ll_hybrid.csv --outdir /t9k/mnt/hdd/work/Vax/pipeline/rnadnavar/examples/seqc2/hybrid/output/seqc2.wes.ll.hybrid -offline -resume -with-conda
[33mNextflow 26.04.6 is available - Please consider updating your version to it(B[m
N E X T F L O W  ~  version 25.10.0
Launching `/t9k/mnt/hdd/work/Vax/pipeline/rnadnavar/main.nf` [sleepy_cuvier] DSL2 - revision: 178048b6a6

------------------------------------------------------
                                        ,--./,-.
        ___     __   __   __   ___     /,-._.--~'
  |\ | |__  __ /  ` /  \ |__) |__         }  {
  | \| |       \__, \__/ |  \ |___     \`-._,-`-,
                                        `._,._,'
  nf-core/rnadnavar 1.0dev
------------------------------------------------------
[1mInput/output options[0m
  [0;34minput                                    : [0;32m/t9k/mnt/hdd/work/Vax/pipeline/rnadnavar/examples/seqc2/hybrid/csv/seqc2_wes_ll_hybrid.csv[0m
  [0;34msplit_fastq                              : [0;32m0[0m
  [0;34moutdir                                   : [0;32m/t9k/mnt/hdd/work/Vax/pipeline/rnadnavar/examples/seqc2/hybrid/output/seqc2.wes.ll.hybrid[0m

[1mReference genome options[0m
  [0;34mbwa                                      : [0;32m/t9k/mnt/WorkSpace/data/ngs/xuzhenyu/bio_db/references/Homo_sapiens/GATK/GRCh38/Sequence/BWAIndex[0m
  [0;34mstar_twopass                             : [0;32mtrue[0m
  [0;34mread_length                              : [0;32m76[0m
  [0;34mnucleotides_per_second                   : [0;32m300000[0m
  [0;34mdbsnp                                    : [0;32m/t9k/mnt/WorkSpace/data/ngs/xuzhenyu/bio_db/references/Homo_sapiens/GATK/GRCh38/Annotation/GATKBundle/dbsnp_146.hg38.vcf.gz[0m
  [0;34mdbsnp_tbi                                : [0;32m/t9k/mnt/WorkSpace/data/ngs/xuzhenyu/bio_db/references/Homo_sapiens/GATK/GRCh38/Annotation/GATKBundle/dbsnp_146.hg38.vcf.gz.tbi[0m
  [0;34mfasta                                    : [0;32m/t9k/mnt/WorkSpace/data/ngs/xuzhenyu/bio_db/references/Homo_sapiens/GATK/GRCh38/Sequence/WholeGenomeFasta/Homo_sapiens_assembly38.fasta[0m
  [0;34mfasta_fai                                : [0;32m/t9k/mnt/WorkSpace/data/ngs/xuzhenyu/bio_db/references/Homo_sapiens/GATK/GRCh38/Sequence/WholeGenomeFasta/Homo_sapiens_assembly38.fasta.fai[0m
  [0;34mgermline_resource                        : [0;32m/t9k/mnt/WorkSpace/data/ngs/xuzhenyu/bio_db/references/Homo_sapiens/GATK/GRCh38/Annotation/GATKBundle/af-only-gnomad.hg38.vcf.gz[0m
  [0;34mgermline_resource_tbi                    : [0;32m/t9k/mnt/WorkSpace/data/ngs/xuzhenyu/bio_db/references/Homo_sapiens/GATK/GRCh38/Annotation/GATKBundle/af-only-gnomad.hg38.vcf.gz.tbi[0m
  [0;34mvep_species                              : [0;32mhomo_sapiens[0m
  [0;34mvep_cache_version                        : [0;32m110[0m
  [0;34mgtf                                      : [0;32ms3://ngi-igenomes/igenomes//Homo_sapiens/NCBI/GRCh38/Annotation/Genes/genes.gtf[0m
  [0;34mrediportal_vcf                           : [0;32m/t9k/mnt/WorkSpace/data/ngs/xuzhenyu/bio_db/rna_editing/REDIportal/REDIportal_hg38_v3.vcf.gz[0m
  [0;34mrediportal_tbi                           : [0;32m/t9k/mnt/WorkSpace/data/ngs/xuzhenyu/bio_db/rna_editing/REDIportal/REDIportal_hg38_v3.vcf.gz.tbi[0m

[1mCOSMIC/gnomAD Annotation[0m
  [0;34mcosmic_database                          : [0;32m/t9k/mnt/WorkSpace/data/ngs/xuzhenyu/bio_db/COSMIC/ucsc_chr_cosmic_GenomeScreensMutant_Normal_v103_GRCh38.vcf.gz[0m
  [0;34mgnomad_database                          : [0;32m/t9k/mnt/WorkSpace/data/ngs/xuzhenyu/bio_db/gnomAD/exomes[0m
  [0;34mcosmic_gnomad_somatic_consensus_threshold: [0;32m2[0m
  [0;34mcosmic_gnomad_workers                    : [0;32m4[0m

[1mPipeline stage options[0m
  [0;34mtools                                    : [0;32mdeepsomatic,mutect2,strelka,norm,consensus,rescue,filtering,rna_filtering[0m
  [0;34mwes                                      : [0;32mtrue[0m

[1mVariant calling[0m
  [0;34mdefaultvariantcallers                    : [0;32mdeepsomatic,strelka,mutect2[0m
  [0;34mconsensus_expected_callers               : [0;32mdeepsomatic,mutect2,strelka[0m
  [0;34mintervals                                : [0;32m/t9k/mnt/WorkSpace/data/ngs/xuzhenyu/bio_db/intervals/ukb.pad50.broad.pad50.union.bed[0m
  [0;34mpon                                      : [0;32m/t9k/mnt/WorkSpace/data/ngs/xuzhenyu/bio_db/references/Homo_sapiens/GATK/GRCh38/Annotation/GATKBundle/1000g_pon.hg38.vcf.gz[0m
  [0;34mpon_tbi                                  : [0;32m/t9k/mnt/WorkSpace/data/ngs/xuzhenyu/bio_db/references/Homo_sapiens/GATK/GRCh38/Annotation/GATKBundle/1000g_pon.hg38.vcf.gz.tbi[0m
  [0;34msage_custom_args                         : [0;32m-validation_stringency LENIENT[0m
  [0;34mignore_soft_clipped_bases                : [0;32mtrue[0m

[1mAnnotation[0m
  [0;34mvep_include_fasta                        : [0;32mtrue[0m
  [0;34mvep_custom_args                          : [0;32m--merged --use_given_ref --no_progress --offline --shift_hgvs 1 --check_existing --tsl --domains --total_length --allele_number --no_escape --xref_refseq --failed 1 --flag_pick_allele --pick_order canonical,tsl,biotype,rank,ccds,length --format vcf --biotype --force_overwrite --sift p --polyphen p --variant_class --regulatory --allele_number --af_gnomad --af_gnomadg --gene_phenotype --hgvs --hgvsg --max_af[0m
  [0;34mvep_cache                                : [0;32m/t9k/mnt/WorkSpace/data/ngs/xuzhenyu/bio_db/vep[0m
  [0;34migenomes_base                            : [0;32m/t9k/mnt/WorkSpace/data/ngs/xuzhenyu/bio_db/references[0m

[1mInstitutional config options[0m
  [0;34mcustom_config_base                       : [0;32m/t9k/mnt/WorkSpace/data/ngs/xuzhenyu/pipeline/configs/[0m
  [0;34mconfig_profile_name                      : [0;32mSeqc2Hybrid[0m
  [0;34mconfig_profile_description               : [0;32mSEQC2 WES_LL caller-ready DNA plus RNA FASTQ hybrid run[0m
  [0;34mpipelines_testdata_base_path             : [0;32m/t9k/mnt/hdd/work/Vax/rnadnavar/test-datasets[0m

[1mGeneric options[0m
  [0;34mtrace_report_suffix                      : [0;32m2026-09-05_09-08-52[0m

[1mCore Nextflow options[0m
  [0;34mrunName                                  : [0;32msleepy_cuvier[0m
  [0;34mcontainer.RNA_EDITING_ANNOTATION         : [0;32mbiocontainers/mulled-v2-629aec3ba267b06a1efc3ec454c0f09e134f6ee2:3b083bb5eae6e491b8579589b070fa29afbea2a1-0[0m
  [0;34mlaunchDir                                : [0;32m/t9k/mnt/hdd/work/Vax/pipeline/rnadnavar[0m
  [0;34mworkDir                                  : [0;32m/t9k/mnt/hdd/work/Vax/pipeline/rnadnavar/work[0m
  [0;34mprojectDir                               : [0;32m/t9k/mnt/hdd/work/Vax/pipeline/rnadnavar[0m
  [0;34muserName                                 : [0;32mt9kuser[0m
  [0;34mprofile                                  : [0;32mstandard[0m
  [0;34mconfigFiles                              : [0;32m/t9k/mnt/hdd/work/Vax/pipeline/rnadnavar/nextflow.config, /t9k/mnt/hdd/work/Vax/pipeline/rnadnavar/examples/seqc2/seqc2.hybrid.shared.config[0m

!! Only displaying parameters that differ from the pipeline defaults !!
-[2m----------------------------------------------------[0m-
* The nf-core framework
    https://doi.org/10.1038/s41587-020-0439-x

* Software dependencies
    https://github.com/nf-core/rnadnavar/blob/master/CITATIONS.md

WARN: The default Panel-of-Normals provided by GATK is used for Mutect2.
It is highly recommended to generate one from normal samples that are technical similar to the tumor ones.
For more information: https://gatk.broadinstitute.org/hc/en-us/articles/360035890631-Panel-of-Normals-PON-
[6f/b56087] Cached process > NFCORE_RNADNAVAR:RNADNAVAR:PREPARE_REFERENCE_AND_INTERVALS:PREPARE_INTERVALS:CREATE_INTERVALS_BED (ukb.pad50.broad.pad50.union.bed)
[6b/505de9] Submitted process > NFCORE_RNADNAVAR:RNADNAVAR:PREPARE_REFERENCE_AND_INTERVALS:PREPARE_GENOME:GATK4_CREATESEQUENCEDICTIONARY (Homo_sapiens_assembly38.fasta)
[24/b5164b] Submitted process > NFCORE_RNADNAVAR:RNADNAVAR:PREPARE_REFERENCE_AND_INTERVALS:PREPARE_INTERVALS:TABIX_BGZIPTABIX_INTERVAL_COMBINED (ukb.pad50.broad.pad50.union)
[be/30b045] Submitted process > NFCORE_RNADNAVAR:RNADNAVAR:BAM_ALIGN:FASTQC (WES_LL_RT_1-SRR9134699)
[78/ede764] Submitted process > NFCORE_RNADNAVAR:RNADNAVAR:BAM_ALIGN:FASTQC (WES_LL_RT_1-SRR9134697)
[0e/f8602f] Submitted process > NFCORE_RNADNAVAR:RNADNAVAR:BAM_ALIGN:FASTQC (WES_LL_RT_1-SRR9134727)
Staging foreign file: s3://ngi-igenomes/igenomes/Homo_sapiens/NCBI/GRCh38/Annotation/Genes/genes.gtf
[cf/21e3a4] Submitted process > NFCORE_RNADNAVAR:RNADNAVAR:PREPARE_REFERENCE_AND_INTERVALS:PREPARE_INTERVALS:TABIX_BGZIPTABIX_INTERVAL_SPLIT (chr1_11819-12277)
