{
    "-profile test": {
        "content": [
            118,
            {
                "BCFTOOLS_STATS": {
                    "bcftools": 1.21
                },
                "BWAMEM1_INDEX": {
                    "bwa": "0.7.18-r1243-dirty"
                },
                "BWAMEM1_MEM": {
                    "bwa": "0.7.18-r1243-dirty",
                    "samtools": 1.21
                },
                "FASTP": {
                    "fastp": "0.24.0"
                },
                "FASTQC": {
                    "fastqc": "0.12.1"
                },
                "FILTERING": {
                    "python": "Python 3.9.13"
                },
                "GATK4_APPLYBQSR": {
                    "gatk4": "4.6.1.0"
                },
                "GATK4_BASERECALIBRATOR": {
                    "gatk4": "4.6.1.0"
                },
                "GATK4_CREATESEQUENCEDICTIONARY": {
                    "gatk4": "4.6.1.0"
                },
                "GATK4_MARKDUPLICATES": {
                    "gatk4": "4.6.1.0",
                    "samtools": 1.21
                },
                "GATK4_SPLITNCIGARREADS": {
                    "gatk4": "4.4.0.0",
                    "samtools": 1.17
                },
                "INDEX_CRAM": {
                    "samtools": 1.21
                },
                "MERGE_STRELKA": {
                    "gatk4": "4.6.1.0"
                },
                "MOSDEPTH": {
                    "mosdepth": "0.3.10"
                },
                "SAMTOOLS_FAIDX": {
                    "samtools": 1.21
                },
                "SAMTOOLS_FLAGSTAT": {
                    "samtools": 1.21
                },
                "SAMTOOLS_IDXSTATS": {
                    "samtools": 1.21
                },
                "SAMTOOLS_INDEX": {
                    "samtools": 1.21
                },
                "SAMTOOLS_SORT": {
                    "samtools": 1.21
                },
                "SAMTOOLS_STATS": {
                    "samtools": 1.21
                },
                "STAR_ALIGN": {
                    "gawk": "5.1.0",
                    "samtools": 1.21,
                    "star": "2.7.11b"
                },
                "STAR_GENOMEGENERATE": {
                    "gawk": "5.1.0",
                    "samtools": 1.21,
                    "star": "2.7.11b"
                },
                "STRELKA_SOMATIC": {
                    "strelka": "2.9.10"
                },
                "TABIX_DBSNP": {
                    "tabix": 1.21
                },
                "VCF2MAF": {
                    "vcf2maf": "1.6.21"
                },
                "VCFTOOLS_TSTV_COUNT": {
                    "vcftools": "0.1.16"
                }
            },
            [
                "consensus",
                "consensus/vcf2maf",
                "consensus/vcf2maf/TCRBOA7-T-RNA_vs_TCRBOA7-N",
                "consensus/vcf2maf/TCRBOA7-T-RNA_vs_TCRBOA7-N/TCRBOA7-T-RNA_vs_TCRBOA7-N.strelka.maf",
                "consensus/vcf2maf/TCRBOA7-T_vs_TCRBOA7-N",
                "consensus/vcf2maf/TCRBOA7-T_vs_TCRBOA7-N/TCRBOA7-T_vs_TCRBOA7-N.strelka.maf",
                "csv",
                "csv/markduplicates.csv",
                "csv/markduplicates_no_table.csv",
                "csv/recalibrated.csv",
                "csv/variantcalled.csv",
                "filtering",
                "filtering/TCRBOA7-T-RNA_vs_TCRBOA7-N",
                "filtering/TCRBOA7-T-RNA_vs_TCRBOA7-N/TCRBOA7-T-RNA_vs_TCRBOA7-N.filtered.maf",
                "filtering/TCRBOA7-T_vs_TCRBOA7-N",
                "filtering/TCRBOA7-T_vs_TCRBOA7-N/TCRBOA7-T_vs_TCRBOA7-N.filtered.maf",
                "pipeline_info",
                "pipeline_info/nf_core_rnadnavar_software_mqc_versions.yml",
                "preprocessing",
                "preprocessing/markduplicates",
                "preprocessing/markduplicates/TCRBOA7-N",
                "preprocessing/markduplicates/TCRBOA7-N/TCRBOA7-N.md.cram",
                "preprocessing/markduplicates/TCRBOA7-N/TCRBOA7-N.md.cram.crai",
                "preprocessing/markduplicates/TCRBOA7-T",
                "preprocessing/markduplicates/TCRBOA7-T-RNA",
                "preprocessing/markduplicates/TCRBOA7-T-RNA/TCRBOA7-T-RNA.md.cram",
                "preprocessing/markduplicates/TCRBOA7-T-RNA/TCRBOA7-T-RNA.md.cram.crai",
                "preprocessing/markduplicates/TCRBOA7-T/TCRBOA7-T.md.cram",
                "preprocessing/markduplicates/TCRBOA7-T/TCRBOA7-T.md.cram.crai",
                "preprocessing/recal_table",
                "preprocessing/recal_table/TCRBOA7-N",
                "preprocessing/recal_table/TCRBOA7-N/TCRBOA7-N.recal.table",
                "preprocessing/recal_table/TCRBOA7-T",
                "preprocessing/recal_table/TCRBOA7-T-RNA",
                "preprocessing/recal_table/TCRBOA7-T-RNA/TCRBOA7-T-RNA.recal.table",
                "preprocessing/recal_table/TCRBOA7-T/TCRBOA7-T.recal.table",
                "preprocessing/recalibrated",
                "preprocessing/recalibrated/TCRBOA7-N",
                "preprocessing/recalibrated/TCRBOA7-N/TCRBOA7-N.recal.cram",
                "preprocessing/recalibrated/TCRBOA7-N/TCRBOA7-N.recal.cram.crai",
                "preprocessing/recalibrated/TCRBOA7-T",
                "preprocessing/recalibrated/TCRBOA7-T-RNA",
                "preprocessing/recalibrated/TCRBOA7-T-RNA/TCRBOA7-T-RNA.recal.cram",
                "preprocessing/recalibrated/TCRBOA7-T-RNA/TCRBOA7-T-RNA.recal.cram.crai",
                "preprocessing/recalibrated/TCRBOA7-T/TCRBOA7-T.recal.cram",
                "preprocessing/recalibrated/TCRBOA7-T/TCRBOA7-T.recal.cram.crai",
                "preprocessing/splitncigarreads",
                "preprocessing/splitncigarreads/TCRBOA7-T-RNA",
                "preprocessing/splitncigarreads/TCRBOA7-T-RNA/TCRBOA7-T-RNA.sncr.cram",
                "preprocessing/splitncigarreads/TCRBOA7-T-RNA/TCRBOA7-T-RNA.sncr.cram.crai",
                "reports",
                "reports/bcftools",
                "reports/bcftools/strelka",
                "reports/bcftools/strelka/TCRBOA7-T-RNA_vs_TCRBOA7-N",
                "reports/bcftools/strelka/TCRBOA7-T-RNA_vs_TCRBOA7-N/TCRBOA7-T-RNA_vs_TCRBOA7-N.strelka.variants.bcftools_stats.txt",
                "reports/bcftools/strelka/TCRBOA7-T_vs_TCRBOA7-N",
                "reports/bcftools/strelka/TCRBOA7-T_vs_TCRBOA7-N/TCRBOA7-T_vs_TCRBOA7-N.strelka.variants.bcftools_stats.txt",
                "reports/fastp",
                "reports/fastp/TCRBOA7-N",
                "reports/fastp/TCRBOA7-N/TCRBOA7-N-LX.fastp.html",
                "reports/fastp/TCRBOA7-N/TCRBOA7-N-LX.fastp.json",
                "reports/fastp/TCRBOA7-N/TCRBOA7-N-LX.fastp.log",
                "reports/fastp/TCRBOA7-T",
                "reports/fastp/TCRBOA7-T-RNA",
                "reports/fastp/TCRBOA7-T-RNA/TCRBOA7-T-RNA-LX.fastp.html",
                "reports/fastp/TCRBOA7-T-RNA/TCRBOA7-T-RNA-LX.fastp.json",
                "reports/fastp/TCRBOA7-T-RNA/TCRBOA7-T-RNA-LX.fastp.log",
                "reports/fastp/TCRBOA7-T/TCRBOA7-T-LX.fastp.html",
                "reports/fastp/TCRBOA7-T/TCRBOA7-T-LX.fastp.json",
                "reports/fastp/TCRBOA7-T/TCRBOA7-T-LX.fastp.log",
                "reports/fastqc",
                "reports/fastqc/TCRBOA7-N-LX",
                "reports/fastqc/TCRBOA7-N-LX/TCRBOA7-N-LX_1_fastqc.html",
                "reports/fastqc/TCRBOA7-N-LX/TCRBOA7-N-LX_1_fastqc.zip",
                "reports/fastqc/TCRBOA7-N-LX/TCRBOA7-N-LX_2_fastqc.html",
                "reports/fastqc/TCRBOA7-N-LX/TCRBOA7-N-LX_2_fastqc.zip",
                "reports/fastqc/TCRBOA7-T-LX",
                "reports/fastqc/TCRBOA7-T-LX/TCRBOA7-T-LX_1_fastqc.html",
                "reports/fastqc/TCRBOA7-T-LX/TCRBOA7-T-LX_1_fastqc.zip",
                "reports/fastqc/TCRBOA7-T-LX/TCRBOA7-T-LX_2_fastqc.html",
                "reports/fastqc/TCRBOA7-T-LX/TCRBOA7-T-LX_2_fastqc.zip",
                "reports/fastqc/TCRBOA7-T-RNA-LX",
                "reports/fastqc/TCRBOA7-T-RNA-LX/TCRBOA7-T-RNA-LX_1_fastqc.html",
                "reports/fastqc/TCRBOA7-T-RNA-LX/TCRBOA7-T-RNA-LX_1_fastqc.zip",
                "reports/fastqc/TCRBOA7-T-RNA-LX/TCRBOA7-T-RNA-LX_2_fastqc.html",
                "reports/fastqc/TCRBOA7-T-RNA-LX/TCRBOA7-T-RNA-LX_2_fastqc.zip",
                "reports/markduplicates",
                "reports/markduplicates/TCRBOA7-N",
                "reports/markduplicates/TCRBOA7-N/TCRBOA7-N.md.cram.metrics",
                "reports/markduplicates/TCRBOA7-T",
                "reports/markduplicates/TCRBOA7-T-RNA",
                "reports/markduplicates/TCRBOA7-T-RNA/TCRBOA7-T-RNA.md.cram.metrics",
                "reports/markduplicates/TCRBOA7-T/TCRBOA7-T.md.cram.metrics",
                "reports/mosdepth",
                "reports/mosdepth/TCRBOA7-N",
                "reports/mosdepth/TCRBOA7-N/TCRBOA7-N.md.mosdepth.global.dist.txt",
                "reports/mosdepth/TCRBOA7-N/TCRBOA7-N.md.mosdepth.summary.txt",
                "reports/mosdepth/TCRBOA7-N/TCRBOA7-N.md.per-base.bed.gz",
                "reports/mosdepth/TCRBOA7-N/TCRBOA7-N.md.per-base.bed.gz.csi",
                "reports/mosdepth/TCRBOA7-N/TCRBOA7-N.recal.mosdepth.global.dist.txt",
                "reports/mosdepth/TCRBOA7-N/TCRBOA7-N.recal.mosdepth.summary.txt",
                "reports/mosdepth/TCRBOA7-N/TCRBOA7-N.recal.per-base.bed.gz",
                "reports/mosdepth/TCRBOA7-N/TCRBOA7-N.recal.per-base.bed.gz.csi",
                "reports/mosdepth/TCRBOA7-T",
                "reports/mosdepth/TCRBOA7-T-RNA",
                "reports/mosdepth/TCRBOA7-T-RNA/TCRBOA7-T-RNA.md.mosdepth.global.dist.txt",
                "reports/mosdepth/TCRBOA7-T-RNA/TCRBOA7-T-RNA.md.mosdepth.summary.txt",
                "reports/mosdepth/TCRBOA7-T-RNA/TCRBOA7-T-RNA.md.per-base.bed.gz",
                "reports/mosdepth/TCRBOA7-T-RNA/TCRBOA7-T-RNA.md.per-base.bed.gz.csi",
                "reports/mosdepth/TCRBOA7-T-RNA/TCRBOA7-T-RNA.recal.mosdepth.global.dist.txt",
                "reports/mosdepth/TCRBOA7-T-RNA/TCRBOA7-T-RNA.recal.mosdepth.summary.txt",
                "reports/mosdepth/TCRBOA7-T-RNA/TCRBOA7-T-RNA.recal.per-base.bed.gz",
                "reports/mosdepth/TCRBOA7-T-RNA/TCRBOA7-T-RNA.recal.per-base.bed.gz.csi",
                "reports/mosdepth/TCRBOA7-T/TCRBOA7-T.md.mosdepth.global.dist.txt",
                "reports/mosdepth/TCRBOA7-T/TCRBOA7-T.md.mosdepth.summary.txt",
                "reports/mosdepth/TCRBOA7-T/TCRBOA7-T.md.per-base.bed.gz",
                "reports/mosdepth/TCRBOA7-T/TCRBOA7-T.md.per-base.bed.gz.csi",
                "reports/mosdepth/TCRBOA7-T/TCRBOA7-T.recal.mosdepth.global.dist.txt",
                "reports/mosdepth/TCRBOA7-T/TCRBOA7-T.recal.mosdepth.summary.txt",
                "reports/mosdepth/TCRBOA7-T/TCRBOA7-T.recal.per-base.bed.gz",
                "reports/mosdepth/TCRBOA7-T/TCRBOA7-T.recal.per-base.bed.gz.csi",
                "reports/multiqc_data",
                "reports/multiqc_data/BETA-multiqc.parquet",
                "reports/multiqc_data/bcftools-stats-subtypes.txt",
                "reports/multiqc_data/bcftools_stats_indel-lengths.txt",
                "reports/multiqc_data/bcftools_stats_variant_depths.txt",
                "reports/multiqc_data/bcftools_stats_vqc_Count_Indels.txt",
                "reports/multiqc_data/bcftools_stats_vqc_Count_SNP.txt",
                "reports/multiqc_data/bcftools_stats_vqc_Count_Transitions.txt",
                "reports/multiqc_data/bcftools_stats_vqc_Count_Transversions.txt",
                "reports/multiqc_data/fastp-insert-size-plot.txt",
                "reports/multiqc_data/fastp-seq-content-gc-plot_Read_1_After_filtering.txt",
                "reports/multiqc_data/fastp-seq-content-gc-plot_Read_1_Before_filtering.txt",
                "reports/multiqc_data/fastp-seq-content-gc-plot_Read_2_After_filtering.txt",
                "reports/multiqc_data/fastp-seq-content-gc-plot_Read_2_Before_filtering.txt",
                "reports/multiqc_data/fastp-seq-content-n-plot_Read_1_After_filtering.txt",
                "reports/multiqc_data/fastp-seq-content-n-plot_Read_1_Before_filtering.txt",
                "reports/multiqc_data/fastp-seq-content-n-plot_Read_2_After_filtering.txt",
                "reports/multiqc_data/fastp-seq-content-n-plot_Read_2_Before_filtering.txt",
                "reports/multiqc_data/fastp-seq-quality-plot_Read_1_After_filtering.txt",
                "reports/multiqc_data/fastp-seq-quality-plot_Read_1_Before_filtering.txt",
                "reports/multiqc_data/fastp-seq-quality-plot_Read_2_After_filtering.txt",
                "reports/multiqc_data/fastp-seq-quality-plot_Read_2_Before_filtering.txt",
                "reports/multiqc_data/fastp_filtered_reads_plot.txt",
                "reports/multiqc_data/fastqc-status-check-heatmap.txt",
                "reports/multiqc_data/fastqc_adapter_content_plot.txt",
                "reports/multiqc_data/fastqc_per_base_n_content_plot.txt",
                "reports/multiqc_data/fastqc_per_base_sequence_quality_plot.txt",
                "reports/multiqc_data/fastqc_per_sequence_gc_content_plot_Counts.txt",
                "reports/multiqc_data/fastqc_per_sequence_gc_content_plot_Percentages.txt",
                "reports/multiqc_data/fastqc_per_sequence_quality_scores_plot.txt",
                "reports/multiqc_data/fastqc_sequence_counts_plot.txt",
                "reports/multiqc_data/fastqc_sequence_duplication_levels_plot.txt",
                "reports/multiqc_data/gatk-base-recalibrator-quality-scores-plot_Pre-recalibration_Count.txt",
                "reports/multiqc_data/gatk-base-recalibrator-quality-scores-plot_Pre-recalibration_Percent.txt",
                "reports/multiqc_data/gatk-base-recalibrator-reported-empirical-plot.txt",
                "reports/multiqc_data/gatk_base_recalibrator.txt",
                "reports/multiqc_data/llms-full.txt",
                "reports/multiqc_data/mosdepth-coverage-per-contig-single.txt",
                "reports/multiqc_data/mosdepth-cumcoverage-dist-id.txt",
                "reports/multiqc_data/mosdepth_cov_dist.txt",
                "reports/multiqc_data/mosdepth_cumcov_dist.txt",
                "reports/multiqc_data/mosdepth_perchrom.txt",
                "reports/multiqc_data/multiqc.log",
                "reports/multiqc_data/multiqc_bcftools_stats.txt",
                "reports/multiqc_data/multiqc_citations.txt",
                "reports/multiqc_data/multiqc_data.json",
                "reports/multiqc_data/multiqc_fastp.txt",
                "reports/multiqc_data/multiqc_fastqc.txt",
                "reports/multiqc_data/multiqc_general_stats.txt",
                "reports/multiqc_data/multiqc_picard_dups.txt",
                "reports/multiqc_data/multiqc_samtools_stats.txt",
                "reports/multiqc_data/multiqc_software_versions.txt",
                "reports/multiqc_data/multiqc_sources.txt",
                "reports/multiqc_data/multiqc_star.txt",
                "reports/multiqc_data/picard_MarkIlluminaAdapters_histogram.txt",
                "reports/multiqc_data/picard_MeanQualityByCycle_histogram.txt",
                "reports/multiqc_data/picard_QualityScoreDistribution_histogram.txt",
                "reports/multiqc_data/picard_deduplication.txt",
                "reports/multiqc_data/samtools-stats-dp.txt",
                "reports/multiqc_data/samtools_alignment_plot.txt",
                "reports/multiqc_data/star_alignment_plot.txt",
                "reports/multiqc_data/star_summary_table.txt",
                "reports/multiqc_data/vcftools_tstv_by_count.txt",
                "reports/multiqc_data/vcftools_tstv_by_qual.txt",
                "reports/multiqc_plots",
                "reports/multiqc_plots/pdf",
                "reports/multiqc_plots/pdf/bcftools-stats-subtypes-cnt.pdf",
                "reports/multiqc_plots/pdf/bcftools-stats-subtypes-pct.pdf",
                "reports/multiqc_plots/pdf/bcftools_stats_indel-lengths-cnt.pdf",
                "reports/multiqc_plots/pdf/bcftools_stats_indel-lengths-log.pdf",
                "reports/multiqc_plots/pdf/bcftools_stats_variant_depths.pdf",
                "reports/multiqc_plots/pdf/bcftools_stats_vqc_Count_Indels.pdf",
                "reports/multiqc_plots/pdf/bcftools_stats_vqc_Count_SNP.pdf",
                "reports/multiqc_plots/pdf/bcftools_stats_vqc_Count_Transitions.pdf",
                "reports/multiqc_plots/pdf/bcftools_stats_vqc_Count_Transversions.pdf",
                "reports/multiqc_plots/pdf/fastp-insert-size-plot.pdf",
                "reports/multiqc_plots/pdf/fastp-seq-content-gc-plot_Read_1_After_filtering.pdf",
                "reports/multiqc_plots/pdf/fastp-seq-content-gc-plot_Read_1_Before_filtering.pdf",
                "reports/multiqc_plots/pdf/fastp-seq-content-gc-plot_Read_2_After_filtering.pdf",
                "reports/multiqc_plots/pdf/fastp-seq-content-gc-plot_Read_2_Before_filtering.pdf",
                "reports/multiqc_plots/pdf/fastp-seq-content-n-plot_Read_1_After_filtering.pdf",
                "reports/multiqc_plots/pdf/fastp-seq-content-n-plot_Read_1_Before_filtering.pdf",
                "reports/multiqc_plots/pdf/fastp-seq-content-n-plot_Read_2_After_filtering.pdf",
                "reports/multiqc_plots/pdf/fastp-seq-content-n-plot_Read_2_Before_filtering.pdf",
                "reports/multiqc_plots/pdf/fastp-seq-quality-plot_Read_1_After_filtering.pdf",
                "reports/multiqc_plots/pdf/fastp-seq-quality-plot_Read_1_Before_filtering.pdf",
                "reports/multiqc_plots/pdf/fastp-seq-quality-plot_Read_2_After_filtering.pdf",
                "reports/multiqc_plots/pdf/fastp-seq-quality-plot_Read_2_Before_filtering.pdf",
                "reports/multiqc_plots/pdf/fastp_filtered_reads_plot-cnt.pdf",
                "reports/multiqc_plots/pdf/fastp_filtered_reads_plot-pct.pdf",
                "reports/multiqc_plots/pdf/fastqc-status-check-heatmap.pdf",
                "reports/multiqc_plots/pdf/fastqc_adapter_content_plot.pdf",
                "reports/multiqc_plots/pdf/fastqc_per_base_n_content_plot.pdf",
                "reports/multiqc_plots/pdf/fastqc_per_base_sequence_quality_plot.pdf",
                "reports/multiqc_plots/pdf/fastqc_per_sequence_gc_content_plot_Counts.pdf",
                "reports/multiqc_plots/pdf/fastqc_per_sequence_gc_content_plot_Percentages.pdf",
                "reports/multiqc_plots/pdf/fastqc_per_sequence_quality_scores_plot.pdf",
                "reports/multiqc_plots/pdf/fastqc_sequence_counts_plot-cnt.pdf",
                "reports/multiqc_plots/pdf/fastqc_sequence_counts_plot-pct.pdf",
                "reports/multiqc_plots/pdf/fastqc_sequence_duplication_levels_plot.pdf",
                "reports/multiqc_plots/pdf/gatk-base-recalibrator-quality-scores-plot_Pre-recalibration_Count.pdf",
                "reports/multiqc_plots/pdf/gatk-base-recalibrator-quality-scores-plot_Pre-recalibration_Percent.pdf",
                "reports/multiqc_plots/pdf/gatk-base-recalibrator-reported-empirical-plot.pdf",
                "reports/multiqc_plots/pdf/mosdepth-coverage-per-contig-single-cnt.pdf",
                "reports/multiqc_plots/pdf/mosdepth-coverage-per-contig-single-pct.pdf",
                "reports/multiqc_plots/pdf/mosdepth-cumcoverage-dist-id.pdf",
                "reports/multiqc_plots/pdf/picard_deduplication-cnt.pdf",
                "reports/multiqc_plots/pdf/picard_deduplication-pct.pdf",
                "reports/multiqc_plots/pdf/samtools-stats-dp.pdf",
                "reports/multiqc_plots/pdf/samtools_alignment_plot-cnt.pdf",
                "reports/multiqc_plots/pdf/samtools_alignment_plot-pct.pdf",
                "reports/multiqc_plots/pdf/star_alignment_plot-cnt.pdf",
                "reports/multiqc_plots/pdf/star_alignment_plot-pct.pdf",
                "reports/multiqc_plots/pdf/star_summary_table.pdf",
                "reports/multiqc_plots/pdf/vcftools_tstv_by_count.pdf",
                "reports/multiqc_plots/png",
                "reports/multiqc_plots/png/bcftools-stats-subtypes-cnt.png",
                "reports/multiqc_plots/png/bcftools-stats-subtypes-pct.png",
                "reports/multiqc_plots/png/bcftools_stats_indel-lengths-cnt.png",
                "reports/multiqc_plots/png/bcftools_stats_indel-lengths-log.png",
                "reports/multiqc_plots/png/bcftools_stats_variant_depths.png",
                "reports/multiqc_plots/png/bcftools_stats_vqc_Count_Indels.png",
                "reports/multiqc_plots/png/bcftools_stats_vqc_Count_SNP.png",
                "reports/multiqc_plots/png/bcftools_stats_vqc_Count_Transitions.png",
                "reports/multiqc_plots/png/bcftools_stats_vqc_Count_Transversions.png",
                "reports/multiqc_plots/png/fastp-insert-size-plot.png",
                "reports/multiqc_plots/png/fastp-seq-content-gc-plot_Read_1_After_filtering.png",
                "reports/multiqc_plots/png/fastp-seq-content-gc-plot_Read_1_Before_filtering.png",
                "reports/multiqc_plots/png/fastp-seq-content-gc-plot_Read_2_After_filtering.png",
                "reports/multiqc_plots/png/fastp-seq-content-gc-plot_Read_2_Before_filtering.png",
                "reports/multiqc_plots/png/fastp-seq-content-n-plot_Read_1_After_filtering.png",
                "reports/multiqc_plots/png/fastp-seq-content-n-plot_Read_1_Before_filtering.png",
                "reports/multiqc_plots/png/fastp-seq-content-n-plot_Read_2_After_filtering.png",
                "reports/multiqc_plots/png/fastp-seq-content-n-plot_Read_2_Before_filtering.png",
                "reports/multiqc_plots/png/fastp-seq-quality-plot_Read_1_After_filtering.png",
                "reports/multiqc_plots/png/fastp-seq-quality-plot_Read_1_Before_filtering.png",
                "reports/multiqc_plots/png/fastp-seq-quality-plot_Read_2_After_filtering.png",
                "reports/multiqc_plots/png/fastp-seq-quality-plot_Read_2_Before_filtering.png",
                "reports/multiqc_plots/png/fastp_filtered_reads_plot-cnt.png",
                "reports/multiqc_plots/png/fastp_filtered_reads_plot-pct.png",
                "reports/multiqc_plots/png/fastqc-status-check-heatmap.png",
                "reports/multiqc_plots/png/fastqc_adapter_content_plot.png",
                "reports/multiqc_plots/png/fastqc_per_base_n_content_plot.png",
                "reports/multiqc_plots/png/fastqc_per_base_sequence_quality_plot.png",
                "reports/multiqc_plots/png/fastqc_per_sequence_gc_content_plot_Counts.png",
                "reports/multiqc_plots/png/fastqc_per_sequence_gc_content_plot_Percentages.png",
                "reports/multiqc_plots/png/fastqc_per_sequence_quality_scores_plot.png",
                "reports/multiqc_plots/png/fastqc_sequence_counts_plot-cnt.png",
                "reports/multiqc_plots/png/fastqc_sequence_counts_plot-pct.png",
                "reports/multiqc_plots/png/fastqc_sequence_duplication_levels_plot.png",
                "reports/multiqc_plots/png/gatk-base-recalibrator-quality-scores-plot_Pre-recalibration_Count.png",
                "reports/multiqc_plots/png/gatk-base-recalibrator-quality-scores-plot_Pre-recalibration_Percent.png",
                "reports/multiqc_plots/png/gatk-base-recalibrator-reported-empirical-plot.png",
                "reports/multiqc_plots/png/mosdepth-coverage-per-contig-single-cnt.png",
                "reports/multiqc_plots/png/mosdepth-coverage-per-contig-single-pct.png",
                "reports/multiqc_plots/png/mosdepth-cumcoverage-dist-id.png",
                "reports/multiqc_plots/png/picard_deduplication-cnt.png",
                "reports/multiqc_plots/png/picard_deduplication-pct.png",
                "reports/multiqc_plots/png/samtools-stats-dp.png",
                "reports/multiqc_plots/png/samtools_alignment_plot-cnt.png",
                "reports/multiqc_plots/png/samtools_alignment_plot-pct.png",
                "reports/multiqc_plots/png/star_alignment_plot-cnt.png",
                "reports/multiqc_plots/png/star_alignment_plot-pct.png",
                "reports/multiqc_plots/png/star_summary_table.png",
                "reports/multiqc_plots/png/vcftools_tstv_by_count.png",
                "reports/multiqc_plots/svg",
                "reports/multiqc_plots/svg/bcftools-stats-subtypes-cnt.svg",
                "reports/multiqc_plots/svg/bcftools-stats-subtypes-pct.svg",
                "reports/multiqc_plots/svg/bcftools_stats_indel-lengths-cnt.svg",
                "reports/multiqc_plots/svg/bcftools_stats_indel-lengths-log.svg",
                "reports/multiqc_plots/svg/bcftools_stats_variant_depths.svg",
                "reports/multiqc_plots/svg/bcftools_stats_vqc_Count_Indels.svg",
                "reports/multiqc_plots/svg/bcftools_stats_vqc_Count_SNP.svg",
                "reports/multiqc_plots/svg/bcftools_stats_vqc_Count_Transitions.svg",
                "reports/multiqc_plots/svg/bcftools_stats_vqc_Count_Transversions.svg",
                "reports/multiqc_plots/svg/fastp-insert-size-plot.svg",
                "reports/multiqc_plots/svg/fastp-seq-content-gc-plot_Read_1_After_filtering.svg",
                "reports/multiqc_plots/svg/fastp-seq-content-gc-plot_Read_1_Before_filtering.svg",
                "reports/multiqc_plots/svg/fastp-seq-content-gc-plot_Read_2_After_filtering.svg",
                "reports/multiqc_plots/svg/fastp-seq-content-gc-plot_Read_2_Before_filtering.svg",
                "reports/multiqc_plots/svg/fastp-seq-content-n-plot_Read_1_After_filtering.svg",
                "reports/multiqc_plots/svg/fastp-seq-content-n-plot_Read_1_Before_filtering.svg",
                "reports/multiqc_plots/svg/fastp-seq-content-n-plot_Read_2_After_filtering.svg",
                "reports/multiqc_plots/svg/fastp-seq-content-n-plot_Read_2_Before_filtering.svg",
                "reports/multiqc_plots/svg/fastp-seq-quality-plot_Read_1_After_filtering.svg",
                "reports/multiqc_plots/svg/fastp-seq-quality-plot_Read_1_Before_filtering.svg",
                "reports/multiqc_plots/svg/fastp-seq-quality-plot_Read_2_After_filtering.svg",
                "reports/multiqc_plots/svg/fastp-seq-quality-plot_Read_2_Before_filtering.svg",
                "reports/multiqc_plots/svg/fastp_filtered_reads_plot-cnt.svg",
                "reports/multiqc_plots/svg/fastp_filtered_reads_plot-pct.svg",
                "reports/multiqc_plots/svg/fastqc-status-check-heatmap.svg",
                "reports/multiqc_plots/svg/fastqc_adapter_content_plot.svg",
                "reports/multiqc_plots/svg/fastqc_per_base_n_content_plot.svg",
                "reports/multiqc_plots/svg/fastqc_per_base_sequence_quality_plot.svg",
                "reports/multiqc_plots/svg/fastqc_per_sequence_gc_content_plot_Counts.svg",
                "reports/multiqc_plots/svg/fastqc_per_sequence_gc_content_plot_Percentages.svg",
                "reports/multiqc_plots/svg/fastqc_per_sequence_quality_scores_plot.svg",
                "reports/multiqc_plots/svg/fastqc_sequence_counts_plot-cnt.svg",
                "reports/multiqc_plots/svg/fastqc_sequence_counts_plot-pct.svg",
                "reports/multiqc_plots/svg/fastqc_sequence_duplication_levels_plot.svg",
                "reports/multiqc_plots/svg/gatk-base-recalibrator-quality-scores-plot_Pre-recalibration_Count.svg",
                "reports/multiqc_plots/svg/gatk-base-recalibrator-quality-scores-plot_Pre-recalibration_Percent.svg",
                "reports/multiqc_plots/svg/gatk-base-recalibrator-reported-empirical-plot.svg",
                "reports/multiqc_plots/svg/mosdepth-coverage-per-contig-single-cnt.svg",
                "reports/multiqc_plots/svg/mosdepth-coverage-per-contig-single-pct.svg",
                "reports/multiqc_plots/svg/mosdepth-cumcoverage-dist-id.svg",
                "reports/multiqc_plots/svg/picard_deduplication-cnt.svg",
                "reports/multiqc_plots/svg/picard_deduplication-pct.svg",
                "reports/multiqc_plots/svg/samtools-stats-dp.svg",
                "reports/multiqc_plots/svg/samtools_alignment_plot-cnt.svg",
                "reports/multiqc_plots/svg/samtools_alignment_plot-pct.svg",
                "reports/multiqc_plots/svg/star_alignment_plot-cnt.svg",
                "reports/multiqc_plots/svg/star_alignment_plot-pct.svg",
                "reports/multiqc_plots/svg/star_summary_table.svg",
                "reports/multiqc_plots/svg/vcftools_tstv_by_count.svg",
                "reports/multiqc_report.html",
                "reports/samtools",
                "reports/samtools/TCRBOA7-N",
                "reports/samtools/TCRBOA7-N/TCRBOA7-N.recal.cram.stats",
                "reports/samtools/TCRBOA7-T",
                "reports/samtools/TCRBOA7-T-RNA",
                "reports/samtools/TCRBOA7-T-RNA/TCRBOA7-T-RNA.idxstats",
                "reports/samtools/TCRBOA7-T-RNA/TCRBOA7-T-RNA.recal.cram.stats",
                "reports/samtools/TCRBOA7-T-RNA/TCRBOA7-T-RNA.stats",
                "reports/samtools/TCRBOA7-T/TCRBOA7-T.recal.cram.stats",
                "reports/samtools/markduplicates",
                "reports/samtools/markduplicates/samtools_stats",
                "reports/samtools/markduplicates/samtools_stats/TCRBOA7-N.md.cram.stats",
                "reports/samtools/markduplicates/samtools_stats/TCRBOA7-T-RNA.md.cram.stats",
                "reports/samtools/markduplicates/samtools_stats/TCRBOA7-T.md.cram.stats",
                "reports/vcftools",
                "reports/vcftools/strelka",
                "reports/vcftools/strelka/TCRBOA7-T-RNA_vs_TCRBOA7-N",
                "reports/vcftools/strelka/TCRBOA7-T-RNA_vs_TCRBOA7-N/TCRBOA7-T-RNA_vs_TCRBOA7-N.strelka.variants.FILTER.summary",
                "reports/vcftools/strelka/TCRBOA7-T-RNA_vs_TCRBOA7-N/TCRBOA7-T-RNA_vs_TCRBOA7-N.strelka.variants.TsTv.count",
                "reports/vcftools/strelka/TCRBOA7-T-RNA_vs_TCRBOA7-N/TCRBOA7-T-RNA_vs_TCRBOA7-N.strelka.variants.TsTv.qual",
                "reports/vcftools/strelka/TCRBOA7-T_vs_TCRBOA7-N",
                "reports/vcftools/strelka/TCRBOA7-T_vs_TCRBOA7-N/TCRBOA7-T_vs_TCRBOA7-N.strelka.variants.FILTER.summary",
                "reports/vcftools/strelka/TCRBOA7-T_vs_TCRBOA7-N/TCRBOA7-T_vs_TCRBOA7-N.strelka.variants.TsTv.count",
                "reports/vcftools/strelka/TCRBOA7-T_vs_TCRBOA7-N/TCRBOA7-T_vs_TCRBOA7-N.strelka.variants.TsTv.qual",
                "samtools",
                "samtools/TCRBOA7-T-RNA.flagstat",
                "variant_calling",
                "variant_calling/strelka",
                "variant_calling/strelka/TCRBOA7-T-RNA_vs_TCRBOA7-N",
                "variant_calling/strelka/TCRBOA7-T-RNA_vs_TCRBOA7-N/TCRBOA7-T-RNA_vs_TCRBOA7-N.strelka.variants.vcf.gz",
                "variant_calling/strelka/TCRBOA7-T-RNA_vs_TCRBOA7-N/TCRBOA7-T-RNA_vs_TCRBOA7-N.strelka.variants.vcf.gz.tbi",
                "variant_calling/strelka/TCRBOA7-T_vs_TCRBOA7-N",
                "variant_calling/strelka/TCRBOA7-T_vs_TCRBOA7-N/TCRBOA7-T_vs_TCRBOA7-N.strelka.variants.vcf.gz",
                "variant_calling/strelka/TCRBOA7-T_vs_TCRBOA7-N/TCRBOA7-T_vs_TCRBOA7-N.strelka.variants.vcf.gz.tbi"
            ],
            [
                "TCRBOA7-T-RNA_vs_TCRBOA7-N.strelka.maf:md5,954ff0d996607a59669af9bc8dadea56",
                "TCRBOA7-T_vs_TCRBOA7-N.strelka.maf:md5,fae7532e022765fcbeaf2f1419a2139f",
                "markduplicates.csv:md5,12d763c14df5d4f6dc3d1a84fc2a9088",
                "markduplicates_no_table.csv:md5,b19b5b2c756b250fec8b1a705ef53022",
                "recalibrated.csv:md5,e120ac4b611ae9bcea4f1d62b5a0db12",
                "variantcalled.csv:md5,952e37183dfb4b09edda7a3553366183",
                "TCRBOA7-T-RNA_vs_TCRBOA7-N.filtered.maf:md5,184db72b9501f2d16e44cf1f478c29f2",
                "TCRBOA7-T_vs_TCRBOA7-N.filtered.maf:md5,84d4dafe5b00520c66adf090208e8f5c",
                "TCRBOA7-N.md.cram:md5,b04901e59e33346333fc8eed14439ddc",
                "TCRBOA7-N.md.cram.crai:md5,35233b9a2146bde3244f7a8b422b4f3c",
                "TCRBOA7-T-RNA.md.cram:md5,7d33e9e1a09eed1f2d5f512cbc3acd90",
                "TCRBOA7-T-RNA.md.cram.crai:md5,5e3050a708886d9ac19501a06e203ec5",
                "TCRBOA7-T.md.cram:md5,18a079a0e69ea41a3f46631db4cd7164",
                "TCRBOA7-T.md.cram.crai:md5,777d737c4700c803a095fc1d00c8ff58",
                "TCRBOA7-N.recal.table:md5,4771abf3f2f413562282d88d16fd6ad0",
                "TCRBOA7-T-RNA.recal.table:md5,18cf3ff38a750f9ee8b82ede645a5bf8",
                "TCRBOA7-T.recal.table:md5,9730abf3cc295cdab573dde542116517",
                "TCRBOA7-N.recal.cram:md5,fb09684b04f9b8d84850e4537c76379b",
                "TCRBOA7-N.recal.cram.crai:md5,527d13764410e0105f4ddb632b60cc26",
                "TCRBOA7-T-RNA.recal.cram:md5,40588cfb86ba88fd2e39a965900989cb",
                "TCRBOA7-T-RNA.recal.cram.crai:md5,6eb606427f1d7331571bffb79e4c18a7",
                "TCRBOA7-T.recal.cram:md5,b899d8a92ef80f15c6b084494b9fa175",
                "TCRBOA7-T.recal.cram.crai:md5,e2cc2b2de4fc211c0d379842ad628c16",
                "TCRBOA7-T-RNA.sncr.cram:md5,f99ba14a0290304e3ddad25fa3d5aff1",
                "TCRBOA7-T-RNA.sncr.cram.crai:md5,46ca67ee27ecea41e73a6684b2afeec1",
                "TCRBOA7-T-RNA_vs_TCRBOA7-N.strelka.variants.bcftools_stats.txt:md5,01cc213c7d8fb9fc4d809cc711aea15a",
                "TCRBOA7-T_vs_TCRBOA7-N.strelka.variants.bcftools_stats.txt:md5,6fe48ebdf8eb1b1996520a8775de35a1",
                "TCRBOA7-N-LX.fastp.html:md5,c8952eb821d071c4d83750f160759517",
                "TCRBOA7-N-LX.fastp.json:md5,d588bfa3564429aa768084b36c4f85d5",
                "TCRBOA7-N-LX.fastp.log:md5,4d34114327c94d2ac837be731f1e4ad7",
                "TCRBOA7-T-RNA-LX.fastp.html:md5,d86d708fd006905272c6323a1939fe51",
                "TCRBOA7-T-RNA-LX.fastp.json:md5,e87d8a10da3b00a59017b6c1fbedc1b7",
                "TCRBOA7-T-RNA-LX.fastp.log:md5,0d360a7823b520df9d020f074db9da3b",
                "TCRBOA7-T-LX.fastp.html:md5,add303e3412a646e96dc8cf77254b4d5",
                "TCRBOA7-T-LX.fastp.json:md5,5d9a90a0aa4301f7db4d9d896f980fe2",
                "TCRBOA7-T-LX.fastp.log:md5,494073ab23b239b6da231a4f83c5233d",
                "TCRBOA7-N-LX_1_fastqc.html:md5,5b3b59cc0c6fafa5267138d11119cb04",
                "TCRBOA7-N-LX_1_fastqc.zip:md5,7a9dd4aa59c4fe8d8c0250963c2fc94c",
                "TCRBOA7-N-LX_2_fastqc.html:md5,1dd60ebe805557e44d6344f0385d994e",
                "TCRBOA7-N-LX_2_fastqc.zip:md5,5cd4d28fb524833051261da26fcb3d73",
                "TCRBOA7-T-LX_1_fastqc.html:md5,e25049467f269a102ef55f203d0e8981",
                "TCRBOA7-T-LX_1_fastqc.zip:md5,846d4077e46511bdce8f94cecbb87aab",
                "TCRBOA7-T-LX_2_fastqc.html:md5,b57e5d5465e10d164ddec700d3e0c3ba",
                "TCRBOA7-T-LX_2_fastqc.zip:md5,0588d593db1c5acfbcfc7c4d5a0d6558",
                "TCRBOA7-T-RNA-LX_1_fastqc.html:md5,959f9026c5f9f8c788ecd9a50515d185",
                "TCRBOA7-T-RNA-LX_1_fastqc.zip:md5,a61365c8f509cde4154894230854e0e6",
                "TCRBOA7-T-RNA-LX_2_fastqc.html:md5,31d9497d9d0d4e0154f31f7ae0da6b9c",
                "TCRBOA7-T-RNA-LX_2_fastqc.zip:md5,9fe8cce0ba8efcb485576618b54d9995",
                "TCRBOA7-N.md.cram.metrics:md5,fab73efd8b3f8c2544f957a1baf69ded",
                "TCRBOA7-T-RNA.md.cram.metrics:md5,c6e02490b0500900ea0087b587b875e3",
                "TCRBOA7-T.md.cram.metrics:md5,3b5484b697096f4dc755506c022a13ef",
                "TCRBOA7-N.md.mosdepth.global.dist.txt:md5,c3850b2f2be5742f87bab3f446aed477",
                "TCRBOA7-N.md.mosdepth.summary.txt:md5,c9b752548642fb18f2ec818db5db6475",
                "TCRBOA7-N.md.per-base.bed.gz:md5,db5b8c4b07a8494a03d6cd17a834b7d5",
                "TCRBOA7-N.md.per-base.bed.gz.csi:md5,26df70bbe6198e6b00b35d80d5869ee2",
                "TCRBOA7-N.recal.mosdepth.global.dist.txt:md5,c3850b2f2be5742f87bab3f446aed477",
                "TCRBOA7-N.recal.mosdepth.summary.txt:md5,c9b752548642fb18f2ec818db5db6475",
                "TCRBOA7-N.recal.per-base.bed.gz:md5,db5b8c4b07a8494a03d6cd17a834b7d5",
                "TCRBOA7-N.recal.per-base.bed.gz.csi:md5,26df70bbe6198e6b00b35d80d5869ee2",
                "TCRBOA7-T-RNA.md.mosdepth.global.dist.txt:md5,312a54ef56d58ffacbd78e0079b139c8",
                "TCRBOA7-T-RNA.md.mosdepth.summary.txt:md5,2679d493c35a1e03ac05167e2b616399",
                "TCRBOA7-T-RNA.md.per-base.bed.gz:md5,ef682ae010236bf2683fd09ecbdf14c1",
                "TCRBOA7-T-RNA.md.per-base.bed.gz.csi:md5,caeb8f9311d4c873b4f5a7c7b97267e8",
                "TCRBOA7-T-RNA.recal.mosdepth.global.dist.txt:md5,605db9ee1dd95fbbb2872e421c987252",
                "TCRBOA7-T-RNA.recal.mosdepth.summary.txt:md5,95f1e8f8e79baa4326d50bcdf29d1100",
                "TCRBOA7-T-RNA.recal.per-base.bed.gz:md5,20b7ce6da1fbb62225447f65c77cb31a",
                "TCRBOA7-T-RNA.recal.per-base.bed.gz.csi:md5,7f299689272bfc93e46c4a19466b5b85",
                "TCRBOA7-T.md.mosdepth.global.dist.txt:md5,c001a2f095b4f6c00af48264d41730ea",
                "TCRBOA7-T.md.mosdepth.summary.txt:md5,0daef9dceaa0e33a59b678a63db883f4",
                "TCRBOA7-T.md.per-base.bed.gz:md5,aeed88b4172eb605a610e295a459f053",
                "TCRBOA7-T.md.per-base.bed.gz.csi:md5,057003c763e938d238937d9a419509e9",
                "TCRBOA7-T.recal.mosdepth.global.dist.txt:md5,c001a2f095b4f6c00af48264d41730ea",
                "TCRBOA7-T.recal.mosdepth.summary.txt:md5,0daef9dceaa0e33a59b678a63db883f4",
                "TCRBOA7-T.recal.per-base.bed.gz:md5,aeed88b4172eb605a610e295a459f053",
                "TCRBOA7-T.recal.per-base.bed.gz.csi:md5,057003c763e938d238937d9a419509e9",
                "BETA-multiqc.parquet:md5,8fde945c87e495cf99e5d75f39d37d39",
                "bcftools-stats-subtypes.txt:md5,d36f477ecbb5347152b6014a3b20f011",
                "bcftools_stats_indel-lengths.txt:md5,7be58eb16d9256dccd981f962c6e4fac",
                "bcftools_stats_variant_depths.txt:md5,01c4a736a316a06151a5f2f69c346cd5",
                "bcftools_stats_vqc_Count_Indels.txt:md5,0cd173594fa40f7c910d5ff1ee99259e",
                "bcftools_stats_vqc_Count_SNP.txt:md5,6594a844edad6b75c184fe6823879322",
                "bcftools_stats_vqc_Count_Transitions.txt:md5,2f0a008a7de7d1d1f0e6978985288c94",
                "bcftools_stats_vqc_Count_Transversions.txt:md5,4b2f6dc466fbf6f5a1e5d0716c93fecf",
                "fastp-insert-size-plot.txt:md5,1c6f1e5eb32fe461330b3eb60390f5bf",
                "fastp-seq-content-gc-plot_Read_1_After_filtering.txt:md5,6962be73e70897a05035112bbce4363f",
                "fastp-seq-content-gc-plot_Read_1_Before_filtering.txt:md5,6962be73e70897a05035112bbce4363f",
                "fastp-seq-content-gc-plot_Read_2_After_filtering.txt:md5,b5d185068eaa813867bb39e18809773c",
                "fastp-seq-content-gc-plot_Read_2_Before_filtering.txt:md5,b5d185068eaa813867bb39e18809773c",
                "fastp-seq-content-n-plot_Read_1_After_filtering.txt:md5,8e24e25dfe582e3ae7a3cfd0b1deb4d8",
                "fastp-seq-content-n-plot_Read_1_Before_filtering.txt:md5,8e24e25dfe582e3ae7a3cfd0b1deb4d8",
                "fastp-seq-content-n-plot_Read_2_After_filtering.txt:md5,0350dab3999937883c476c828cf2b2c6",
                "fastp-seq-content-n-plot_Read_2_Before_filtering.txt:md5,0350dab3999937883c476c828cf2b2c6",
                "fastp-seq-quality-plot_Read_1_After_filtering.txt:md5,edb530cc58b23edd2ef054922458d0be",
                "fastp-seq-quality-plot_Read_1_Before_filtering.txt:md5,edb530cc58b23edd2ef054922458d0be",
                "fastp-seq-quality-plot_Read_2_After_filtering.txt:md5,e962c43505ef7b20077675c229e72b59",
                "fastp-seq-quality-plot_Read_2_Before_filtering.txt:md5,e962c43505ef7b20077675c229e72b59",
                "fastp_filtered_reads_plot.txt:md5,40475f65006743bee87baab6d7bd810a",
                "fastqc-status-check-heatmap.txt:md5,c679b9e431c5c2650bcfbe94a0f3ef3f",
                "fastqc_adapter_content_plot.txt:md5,3a1237a6d2d0ff01a96c4339ea4191f1",
                "fastqc_per_base_n_content_plot.txt:md5,e8a388f7099e77e16ed7acc162810ed3",
                "fastqc_per_base_sequence_quality_plot.txt:md5,ba284f86352cae1a0958a323e4f1176b",
                "fastqc_per_sequence_gc_content_plot_Counts.txt:md5,b1bb253802e15456404068894da5e4ef",
                "fastqc_per_sequence_gc_content_plot_Percentages.txt:md5,1af1e0e559adca79c5c33ed00665e578",
                "fastqc_per_sequence_quality_scores_plot.txt:md5,d34635e5910b9584da5d12bafd5406ae",
                "fastqc_sequence_counts_plot.txt:md5,7ad0ab5f237a6bacf3dcb5944b37b45a",
                "fastqc_sequence_duplication_levels_plot.txt:md5,a4cb248cbba03ff83461d2d68af46236",
                "gatk-base-recalibrator-quality-scores-plot_Pre-recalibration_Count.txt:md5,c9accf67c05fab62dd6da76bf6654347",
                "gatk-base-recalibrator-quality-scores-plot_Pre-recalibration_Percent.txt:md5,9659c7e57b46a7e415448d2be77e0744",
                "gatk-base-recalibrator-reported-empirical-plot.txt:md5,48e8db9c52b2ed16c26d85e7545c5fe7",
                "gatk_base_recalibrator.txt:md5,b5b7465312b93c9b8f36f59d7903f39e",
                "llms-full.txt:md5,bbad0fc179d6194eddd06c25997519c0",
                "mosdepth-coverage-per-contig-single.txt:md5,243084ec9cb79976f423f45ae2de125c",
                "mosdepth-cumcoverage-dist-id.txt:md5,10008157db9c787610b168153fb3bde9",
                "mosdepth_cov_dist.txt:md5,66ce1b36012c8157e78990ee7edd60e4",
                "mosdepth_cumcov_dist.txt:md5,66ce1b36012c8157e78990ee7edd60e4",
                "mosdepth_perchrom.txt:md5,243084ec9cb79976f423f45ae2de125c",
                "multiqc.log:md5,9fec94b23f27c81db19b388ada423618",
                "multiqc_bcftools_stats.txt:md5,be374492fa22704213b3f9abff3093eb",
                "multiqc_citations.txt:md5,451006f9c45cb544ccd4ff9cdd218ecf",
                "multiqc_data.json:md5,07c75739fb9f255714b2c66b0e897bf7",
                "multiqc_fastp.txt:md5,66184e308a5a8fdf67e971199111c7d5",
                "multiqc_fastqc.txt:md5,39fbe98c6858fee6cb3841b1d9baf240",
                "multiqc_general_stats.txt:md5,76ab90e77703294ddd70a30332955257",
                "multiqc_picard_dups.txt:md5,115620014ad23162d2d362d865a8690d",
                "multiqc_samtools_stats.txt:md5,9c50809c1ca2fd96f298d69c5f46037f",
                "multiqc_software_versions.txt:md5,46f38ac747dd1b632e8a03af353da20c",
                "multiqc_sources.txt:md5,59e7fadc7c1caeee2f16eb1a15c7a1f0",
                "multiqc_star.txt:md5,ae3a980cf515f0d266d9353780a4ce7a",
                "picard_MarkIlluminaAdapters_histogram.txt:md5,d41d8cd98f00b204e9800998ecf8427e",
                "picard_MeanQualityByCycle_histogram.txt:md5,d41d8cd98f00b204e9800998ecf8427e",
                "picard_QualityScoreDistribution_histogram.txt:md5,d41d8cd98f00b204e9800998ecf8427e",
                "picard_deduplication.txt:md5,0e861a27523f567b6f7eed886d7d645a",
                "samtools-stats-dp.txt:md5,1a50def084252d1a08021e56ce2834f4",
                "samtools_alignment_plot.txt:md5,92f968b36e446bacdb9023135ae9df1e",
                "star_alignment_plot.txt:md5,f1da972a8c7760c5efb76cb324caa476",
                "star_summary_table.txt:md5,77662f369811b39bb944b3cc334bbea1",
                "vcftools_tstv_by_count.txt:md5,b4d556d65f2efdb689bc2554d0cc49b7",
                "vcftools_tstv_by_qual.txt:md5,78a89acb80baaffbf43d4ee17b9f4d47",
                "bcftools-stats-subtypes-cnt.pdf:md5,27e9b0e427e2145d75a5e1daae595616",
                "bcftools-stats-subtypes-pct.pdf:md5,e378ec2a0e67b462f33df2d6c4120d8b",
                "bcftools_stats_indel-lengths-cnt.pdf:md5,1272b3d15491e199a5df1af5e5d00298",
                "bcftools_stats_indel-lengths-log.pdf:md5,ae1877b876a3e1ee919ff730ba8f0b58",
                "bcftools_stats_variant_depths.pdf:md5,dc3a2a007de5afda9b2930ea64be74fa",
                "bcftools_stats_vqc_Count_Indels.pdf:md5,b2cad64491edcb68d0571e88e695ac6a",
                "bcftools_stats_vqc_Count_SNP.pdf:md5,3e919207528a40fe35684a7dfbb612d3",
                "bcftools_stats_vqc_Count_Transitions.pdf:md5,d190b28aea073eb48bb234df1547008e",
                "bcftools_stats_vqc_Count_Transversions.pdf:md5,8b28484557d1ab72d2284ab9761af88b",
                "fastp-insert-size-plot.pdf:md5,67aa9f78334fc6943be104d72096fce0",
                "fastp-seq-content-gc-plot_Read_1_After_filtering.pdf:md5,f7a92054efc22374b56c918b20e7c573",
                "fastp-seq-content-gc-plot_Read_1_Before_filtering.pdf:md5,5a9d24eb300c52ee9dc3b3f984a25286",
                "fastp-seq-content-gc-plot_Read_2_After_filtering.pdf:md5,ba67506ccb2c21de24a9c87ee1a764f6",
                "fastp-seq-content-gc-plot_Read_2_Before_filtering.pdf:md5,1fdf93227f22fb65cc4e866ba19a3491",
                "fastp-seq-content-n-plot_Read_1_After_filtering.pdf:md5,f10a9403069a806c4d8fb9623144e3b6",
                "fastp-seq-content-n-plot_Read_1_Before_filtering.pdf:md5,3f5ac72220cf957bb0d3630edd08446f",
                "fastp-seq-content-n-plot_Read_2_After_filtering.pdf:md5,41d2ae19a4e26e213ac31506e3710b04",
                "fastp-seq-content-n-plot_Read_2_Before_filtering.pdf:md5,4703a221e22da3f29826ff8fb50a8a95",
                "fastp-seq-quality-plot_Read_1_After_filtering.pdf:md5,eae13203f46b541d56dd6af22f18a61f",
                "fastp-seq-quality-plot_Read_1_Before_filtering.pdf:md5,10d3c77af3a1a4a0e6301954aa89e5ca",
                "fastp-seq-quality-plot_Read_2_After_filtering.pdf:md5,c6fa3524906ed8f56ed113d4e175f57d",
                "fastp-seq-quality-plot_Read_2_Before_filtering.pdf:md5,1c7e355b36e8e42117365b408ac8420c",
                "fastp_filtered_reads_plot-cnt.pdf:md5,37d84aa8c5c5b83cc6c978ad1e9a9629",
                "fastp_filtered_reads_plot-pct.pdf:md5,9bd00fef9af30e8b325339c9c8a2d38a",
                "fastqc-status-check-heatmap.pdf:md5,ce1c6c8991ecf306297271f235c2f749",
                "fastqc_adapter_content_plot.pdf:md5,4cf9019b6de0aba844569c179a1b91f0",
                "fastqc_per_base_n_content_plot.pdf:md5,d6209e85ea5a117f4e37474873704e91",
                "fastqc_per_base_sequence_quality_plot.pdf:md5,7aae8072240192f6220ab41399cb9924",
                "fastqc_per_sequence_gc_content_plot_Counts.pdf:md5,337ed4f91f9d58272ea2a108a334fd55",
                "fastqc_per_sequence_gc_content_plot_Percentages.pdf:md5,d8a7ccdf15fdd7ff914f7109607d49c8",
                "fastqc_per_sequence_quality_scores_plot.pdf:md5,4b6f8a3c577acdfdcf2d0d3373ab43de",
                "fastqc_sequence_counts_plot-cnt.pdf:md5,2c92f6065f66d40a6ce8100b4b3688e6",
                "fastqc_sequence_counts_plot-pct.pdf:md5,84836dfd7e28fa57b4ae6eb73f363120",
                "fastqc_sequence_duplication_levels_plot.pdf:md5,36126be2ab7537c2970a2e11894ba3c9",
                "gatk-base-recalibrator-quality-scores-plot_Pre-recalibration_Count.pdf:md5,cede2949273808bad1e3f173736ba115",
                "gatk-base-recalibrator-quality-scores-plot_Pre-recalibration_Percent.pdf:md5,eaa73dcc3ccad476f80f1b1a8ff03c9b",
                "gatk-base-recalibrator-reported-empirical-plot.pdf:md5,c71a4615c9fe27c40392f67ffdffdca7",
                "mosdepth-coverage-per-contig-single-cnt.pdf:md5,6854fa2ec4ae85341e1463096fa228d0",
                "mosdepth-coverage-per-contig-single-pct.pdf:md5,e3040ab0f6f41c5fed9c77c8e89ac4ff",
                "mosdepth-cumcoverage-dist-id.pdf:md5,bd5a4d87ae134a7989f6e373c38cdce2",
                "picard_deduplication-cnt.pdf:md5,3bddbd0b7ea9828b4f9aeaab0771d647",
                "picard_deduplication-pct.pdf:md5,3f2134ee845c10abe48623114bb5db48",
                "samtools-stats-dp.pdf:md5,3f08890646c82eacfcafd6d82bb4188f",
                "samtools_alignment_plot-cnt.pdf:md5,b00d11dc2732560794e1678dcf225287",
                "samtools_alignment_plot-pct.pdf:md5,7fa12d6be895238e5ea6a5b60ae7859a",
                "star_alignment_plot-cnt.pdf:md5,9f0883baf5c22e1e6c2199f4f9a8fe6e",
                "star_alignment_plot-pct.pdf:md5,6bd30cd353178befee6481e4669521e7",
                "star_summary_table.pdf:md5,3e065bf9435ecbbfe6bc85eafef45693",
                "vcftools_tstv_by_count.pdf:md5,fd92e70cbfc847c43a3e02137948fe2d",
                "bcftools-stats-subtypes-cnt.png:md5,e20080d226b489a3243ed744d03c5e2f",
                "bcftools-stats-subtypes-pct.png:md5,6e67aaaafb6a1bf3210fd46d02175788",
                "bcftools_stats_indel-lengths-cnt.png:md5,1c865f9c066058461f3468d7d8f2b552",
                "bcftools_stats_indel-lengths-log.png:md5,e10c26ff6085da4e34baedbad19252be",
                "bcftools_stats_variant_depths.png:md5,5c50981923aee4d2f86c314b9d20d729",
                "bcftools_stats_vqc_Count_Indels.png:md5,2ca2c38622a40c2257d9e275e59ec709",
                "bcftools_stats_vqc_Count_SNP.png:md5,d7a1a351919cc7c4d60ef74597f721e7",
                "bcftools_stats_vqc_Count_Transitions.png:md5,c2841741630d6f3e7ea8edf6f8a44ca3",
                "bcftools_stats_vqc_Count_Transversions.png:md5,c7e7d7c528a2c265ba4f11f39e14d123",
                "fastp-insert-size-plot.png:md5,048b1527daa799bd4c998032ce04f0d1",
                "fastp-seq-content-gc-plot_Read_1_After_filtering.png:md5,312629e8df708f37af34e1ee2b07a94b",
                "fastp-seq-content-gc-plot_Read_1_Before_filtering.png:md5,72f586524f3696c8c4fb7ddf03e0c31c",
                "fastp-seq-content-gc-plot_Read_2_After_filtering.png:md5,a91d9224ca82c5932b7fedc26dd76111",
                "fastp-seq-content-gc-plot_Read_2_Before_filtering.png:md5,9d4b0addcac601e018cb765de5b8d3c7",
                "fastp-seq-content-n-plot_Read_1_After_filtering.png:md5,ec4977c01ffcecaca2b18cf3b3ad3024",
                "fastp-seq-content-n-plot_Read_1_Before_filtering.png:md5,4049600bf1602e3b17cb68ac2137ce5b",
                "fastp-seq-content-n-plot_Read_2_After_filtering.png:md5,4dd5f725208039c95f79d504d7f69d17",
                "fastp-seq-content-n-plot_Read_2_Before_filtering.png:md5,a0e2f34658626095bc586e2ed6188651",
                "fastp-seq-quality-plot_Read_1_After_filtering.png:md5,8cec8a5d963b411372e62dc96f85379c",
                "fastp-seq-quality-plot_Read_1_Before_filtering.png:md5,c8787cac69e33aaabb2b0fe85194643b",
                "fastp-seq-quality-plot_Read_2_After_filtering.png:md5,3ced241de4cd86a0029233d21f9b9b47",
                "fastp-seq-quality-plot_Read_2_Before_filtering.png:md5,e658dfa980b8e5e3cd7929ed2169dd7b",
                "fastp_filtered_reads_plot-cnt.png:md5,b51c4b650e57fcb677cdcf5b03d855ab",
                "fastp_filtered_reads_plot-pct.png:md5,c33844faada94ff9b8d857b12626727a",
                "fastqc-status-check-heatmap.png:md5,53c725d97865046e5ea1a0164e303fdf",
                "fastqc_adapter_content_plot.png:md5,61636157a1d9770c3b27b91e5f112f41",
                "fastqc_per_base_n_content_plot.png:md5,c5b6a575bd9abbfce92c8217910e3b7c",
                "fastqc_per_base_sequence_quality_plot.png:md5,26d550625b5294579422be6cfa242b58",
                "fastqc_per_sequence_gc_content_plot_Counts.png:md5,c67bc32ebe0887f2ed362341fd07495a",
                "fastqc_per_sequence_gc_content_plot_Percentages.png:md5,958e181b115d3d62f3dafc261449d978",
                "fastqc_per_sequence_quality_scores_plot.png:md5,452b81b8528a700397e19f94d5d965b8",
                "fastqc_sequence_counts_plot-cnt.png:md5,c09a765b62a1d3e4624647db4ce1ebad",
                "fastqc_sequence_counts_plot-pct.png:md5,abae090452a0dfc3251985c2bd6fb6d6",
                "fastqc_sequence_duplication_levels_plot.png:md5,098a07168fa8fdfb7ec0b96426b2ce3a",
                "gatk-base-recalibrator-quality-scores-plot_Pre-recalibration_Count.png:md5,2c3e89def86d8965860769b7ded259b0",
                "gatk-base-recalibrator-quality-scores-plot_Pre-recalibration_Percent.png:md5,a314e48aca053c4f2a677f2b0e826a2a",
                "gatk-base-recalibrator-reported-empirical-plot.png:md5,509920d8534181413e343ee9902acd56",
                "mosdepth-coverage-per-contig-single-cnt.png:md5,653b21df2884623a72aa3a666e52b7bc",
                "mosdepth-coverage-per-contig-single-pct.png:md5,6667b6a0ee21fd91a2b2ee68114f9abc",
                "mosdepth-cumcoverage-dist-id.png:md5,7fd1af6c8d08a258a0b1c6c5ef9cb7d5",
                "picard_deduplication-cnt.png:md5,f9db485da4395d64463e2a30632021fe",
                "picard_deduplication-pct.png:md5,662abcaf82877f8e22771aa2fee26787",
                "samtools-stats-dp.png:md5,0ddb0d86ad77e6542cf6746a6ddb35f9",
                "samtools_alignment_plot-cnt.png:md5,bf141f7e2a6c657ce6a75d0ec265369d",
                "samtools_alignment_plot-pct.png:md5,82ea75fff4b595cac49ace428120ae47",
                "star_alignment_plot-cnt.png:md5,78e88fd700083d40f0723c2859dc240c",
                "star_alignment_plot-pct.png:md5,c87b344b1917fbfd54c33e94a7a81591",
                "star_summary_table.png:md5,b422fe9b94d43cbf2cd0f02d22475bbc",
                "vcftools_tstv_by_count.png:md5,7846c07a4e75166de4b57e76b38c5627",
                "bcftools-stats-subtypes-cnt.svg:md5,5a7d48b680cf2b507e611dad2c3e76e4",
                "bcftools-stats-subtypes-pct.svg:md5,bcc7378309a3699a4c95e32c1a6bc8bf",
                "bcftools_stats_indel-lengths-cnt.svg:md5,1b67c7d836b3978e10cdc9e2a104439a",
                "bcftools_stats_indel-lengths-log.svg:md5,81da430276e0728f2d06484ffde3c46d",
                "bcftools_stats_variant_depths.svg:md5,78544c9e1fb602048b1bb5895612712c",
                "bcftools_stats_vqc_Count_Indels.svg:md5,77d831014a1903616b796fa2ce0f7798",
                "bcftools_stats_vqc_Count_SNP.svg:md5,2e6b4022951affbed24111edeba9aaa1",
                "bcftools_stats_vqc_Count_Transitions.svg:md5,a48ad386b5680b4712df177782456eac",
                "bcftools_stats_vqc_Count_Transversions.svg:md5,6027d721ea555464740d8fd245348d70",
                "fastp-insert-size-plot.svg:md5,86643691ad1cfb213cf4bf6c4d85432a",
                "fastp-seq-content-gc-plot_Read_1_After_filtering.svg:md5,6fa135c393ab3e6b9a081d514fcdee65",
                "fastp-seq-content-gc-plot_Read_1_Before_filtering.svg:md5,48fd1a830ba2b0df1057238d5a67963b",
                "fastp-seq-content-gc-plot_Read_2_After_filtering.svg:md5,0f0057cc2095635c45a5a697837347ca",
                "fastp-seq-content-gc-plot_Read_2_Before_filtering.svg:md5,487985b76c613f923aafa7caf39ce4a4",
                "fastp-seq-content-n-plot_Read_1_After_filtering.svg:md5,6fb7f24900587b9d13e74d13adb6ec18",
                "fastp-seq-content-n-plot_Read_1_Before_filtering.svg:md5,75a768bf470232c86cef78882518bfd7",
                "fastp-seq-content-n-plot_Read_2_After_filtering.svg:md5,757054e3af60c925ebc831fc5638c0ab",
                "fastp-seq-content-n-plot_Read_2_Before_filtering.svg:md5,a25a517d6b8b32bba31a90258500d125",
                "fastp-seq-quality-plot_Read_1_After_filtering.svg:md5,6954f6c67a8a25d839266b169d8de5ad",
                "fastp-seq-quality-plot_Read_1_Before_filtering.svg:md5,c33ed5311c440cf56054fca7a6741cf3",
                "fastp-seq-quality-plot_Read_2_After_filtering.svg:md5,7414e187b6d4fb1f12036ae2232cff10",
                "fastp-seq-quality-plot_Read_2_Before_filtering.svg:md5,626d8157756df44558d48299811e739a",
                "fastp_filtered_reads_plot-cnt.svg:md5,fccda0d03cdd98f12e1ee48013b98207",
                "fastp_filtered_reads_plot-pct.svg:md5,d019a25f17b25b545f9050e17fa480d2",
                "fastqc-status-check-heatmap.svg:md5,2ff21e8b9e7d35396b53dde9c18fd6d2",
                "fastqc_adapter_content_plot.svg:md5,5cda08590719efbf6d88ba59448c3297",
                "fastqc_per_base_n_content_plot.svg:md5,f014a015eb2483a8a14d7b4b0f1c1c8e",
                "fastqc_per_base_sequence_quality_plot.svg:md5,390ed9a253e0c10c5eaf98593675e467",
                "fastqc_per_sequence_gc_content_plot_Counts.svg:md5,28501fb367157e19a96fdf27b98028b2",
                "fastqc_per_sequence_gc_content_plot_Percentages.svg:md5,979ec404fc4aefcd9986d221152d8d18",
                "fastqc_per_sequence_quality_scores_plot.svg:md5,7af5e2d5bef6870bc7d2c66c6144947c",
                "fastqc_sequence_counts_plot-cnt.svg:md5,e68280586b058e3b3f85998271ce6852",
                "fastqc_sequence_counts_plot-pct.svg:md5,1657ae311d660ce60b2b016877d32e97",
                "fastqc_sequence_duplication_levels_plot.svg:md5,7298b0620541b61c7800b27d5cc563cd",
                "gatk-base-recalibrator-quality-scores-plot_Pre-recalibration_Count.svg:md5,feb321c5cb30e826bd8850d46deda1b1",
                "gatk-base-recalibrator-quality-scores-plot_Pre-recalibration_Percent.svg:md5,d0ca672a01ac461d5087250ef9fe98dc",
                "gatk-base-recalibrator-reported-empirical-plot.svg:md5,8acbb4526587163df5185124f3a2e080",
                "mosdepth-coverage-per-contig-single-cnt.svg:md5,6d5424048a8c59889919e8c79597e93d",
                "mosdepth-coverage-per-contig-single-pct.svg:md5,8431d435324125312a88e7051748c603",
                "mosdepth-cumcoverage-dist-id.svg:md5,49886c74548681154a20f6f2876440f2",
                "picard_deduplication-cnt.svg:md5,d5c07fad4299e034b7db18785d3c266d",
                "picard_deduplication-pct.svg:md5,ef9d3ae2c909fc3ad9ba9cb77103fed5",
                "samtools-stats-dp.svg:md5,acfc1956ad1d3528af6d7fe3b5a7e07b",
                "samtools_alignment_plot-cnt.svg:md5,b60a93347ffd28bf66389d2489312ca6",
                "samtools_alignment_plot-pct.svg:md5,2e9e494d21eb62be9ae7457d501d4ad7",
                "star_alignment_plot-cnt.svg:md5,37c0a4e6dced30d13be9280bb35791f3",
                "star_alignment_plot-pct.svg:md5,d71c7d100d5fa4191b92fddde5074b91",
                "star_summary_table.svg:md5,6facb4cdc868462b12de30ff814ded91",
                "vcftools_tstv_by_count.svg:md5,b07b6d3105372a60cc979896f4d0c49e",
                "multiqc_report.html:md5,15598de167954639f8f18963da985466",
                "TCRBOA7-N.recal.cram.stats:md5,ba490a5683b8279d47276510b35ebcba",
                "TCRBOA7-T-RNA.idxstats:md5,6e30a3db8d99751ebc8ca0de733a82b4",
                "TCRBOA7-T-RNA.recal.cram.stats:md5,d06f447c024c1a9cf9d078e527167967",
                "TCRBOA7-T-RNA.stats:md5,404dcde5461f64f6b2ad53e3811ced5c",
                "TCRBOA7-T.recal.cram.stats:md5,32d9e2f66cb50c0d3df27ddece656154",
                "TCRBOA7-N.md.cram.stats:md5,50f3381967da961a952f448346b66066",
                "TCRBOA7-T-RNA.md.cram.stats:md5,877994b55b3ca55a77ec639967e2c174",
                "TCRBOA7-T.md.cram.stats:md5,ba36e86f24693570b4c88988ae7d2e93",
                "TCRBOA7-T-RNA_vs_TCRBOA7-N.strelka.variants.FILTER.summary:md5,a5d2a000d379b5ed0a7b142df4bd0bde",
                "TCRBOA7-T-RNA_vs_TCRBOA7-N.strelka.variants.TsTv.count:md5,cbcde4640046ff945417a6678f41beae",
                "TCRBOA7-T-RNA_vs_TCRBOA7-N.strelka.variants.TsTv.qual:md5,a25956050eab7614fde110c577cde3ff",
                "TCRBOA7-T_vs_TCRBOA7-N.strelka.variants.FILTER.summary:md5,6c47080ddcb5a1ff8c690732f3a81eff",
                "TCRBOA7-T_vs_TCRBOA7-N.strelka.variants.TsTv.count:md5,5b63c8b3aa96cf92726b576d2cb7da12",
                "TCRBOA7-T_vs_TCRBOA7-N.strelka.variants.TsTv.qual:md5,29da677ef4e152719905df4b2b7cb798",
                "TCRBOA7-T-RNA.flagstat:md5,b58d8f91ae83ee2d187e6c874e3830a7",
                "TCRBOA7-T-RNA_vs_TCRBOA7-N.strelka.variants.vcf.gz:md5,2f77274fc865d9c6a4cc74e20b225173",
                "TCRBOA7-T-RNA_vs_TCRBOA7-N.strelka.variants.vcf.gz.tbi:md5,8d4bcfd05b13ce86c14eeccd2d8bcb2f",
                "TCRBOA7-T_vs_TCRBOA7-N.strelka.variants.vcf.gz:md5,4f9fafaaf58a04f621416ad015e11c5b",
                "TCRBOA7-T_vs_TCRBOA7-N.strelka.variants.vcf.gz.tbi:md5,2037c48c1cc5701663ef073398815f15"
            ]
        ],
        "meta": {
            "nf-test": "0.9.2",
            "nextflow": "25.04.6"
        },
        "timestamp": "2025-08-11T18:56:57.637821643"
    }
}